Nov 27 17:48:33 labcomputer kernel: [    0.000000] microcode: microcode updated early to revision 0x2f, date = 2019-02-17
Nov 27 17:48:33 labcomputer systemd-modules-load[233]: Inserted module 'lp'
Nov 27 17:48:33 labcomputer kernel: [    0.000000] Linux version 6.2.0-37-generic (buildd@bos03-amd64-055) (x86_64-linux-gnu-gcc-11 (Ubuntu 11.4.0-1ubuntu1~22.04) 11.4.0, GNU ld (GNU Binutils for Ubuntu) 2.38) #38~22.04.1-Ubuntu SMP PREEMPT_DYNAMIC Thu Nov  2 18:01:13 UTC 2 (Ubuntu 6.2.0-37.38~22.04.1-generic 6.2.16)
Nov 27 17:48:33 labcomputer kernel: [    0.000000] Command line: BOOT_IMAGE=/boot/vmlinuz-6.2.0-37-generic root=UUID=ca4d0a41-5a9f-4dde-b377-787540444ed7 ro quiet splash vt.handoff=7
Nov 27 17:48:33 labcomputer kernel: [    0.000000] KERNEL supported cpus:
Nov 27 17:48:33 labcomputer kernel: [    0.000000]   Intel GenuineIntel
Nov 27 17:48:33 labcomputer kernel: [    0.000000]   AMD AuthenticAMD
Nov 27 17:48:33 labcomputer systemd-modules-load[233]: Inserted module 'ppdev'
Nov 27 17:48:33 labcomputer systemd[1]: Mounted Mount unit for bare, revision 5.
Nov 27 17:48:33 labcomputer systemd[1]: Mounted Mount unit for core20, revision 1974.
Nov 27 17:48:33 labcomputer systemd[1]: Mounted Mount unit for core22, revision 858.
Nov 27 17:48:33 labcomputer systemd[1]: Mounted Mount unit for firefox, revision 2987.
Nov 27 17:48:33 labcomputer systemd[1]: Mounted Mount unit for gnome-3-38-2004, revision 143.
Nov 27 17:48:33 labcomputer systemd[1]: Mounted Mount unit for gnome-42-2204, revision 120.
Nov 27 17:48:33 labcomputer systemd[1]: Mounted Mount unit for gtk-common-themes, revision 1535.
Nov 27 17:48:33 labcomputer systemd[1]: Mounted Mount unit for snap-store, revision 959.
Nov 27 17:48:33 labcomputer systemd[1]: Mounted Mount unit for snapd, revision 19457.
Nov 27 17:48:33 labcomputer systemd[1]: Mounted Mount unit for snapd-desktop-integration, revision 83.
Nov 27 17:48:33 labcomputer systemd[1]: Reached target Mounted snaps.
Nov 27 17:48:33 labcomputer systemd[1]: Starting Flush Journal to Persistent Storage...
Nov 27 17:48:33 labcomputer systemd[1]: Finished Flush Journal to Persistent Storage.
Nov 27 17:48:33 labcomputer systemd[1]: Started Rule-based Manager for Device Events and Files.
Nov 27 17:48:33 labcomputer systemd[1]: Finished Coldplug All udev Devices.
Nov 27 17:48:33 labcomputer systemd[1]: Starting Show Plymouth Boot Screen...
Nov 27 17:48:33 labcomputer systemd[1]: Received SIGRTMIN+20 from PID 286 (plymouthd).
Nov 27 17:48:33 labcomputer systemd[1]: Started Show Plymouth Boot Screen.
Nov 27 17:48:33 labcomputer systemd[1]: Condition check resulted in Dispatch Password Requests to Console Directory Watch being skipped.
Nov 27 17:48:33 labcomputer systemd[1]: Started Forward Password Requests to Plymouth Directory Watch.
Nov 27 17:48:33 labcomputer systemd[1]: Reached target Local Encrypted Volumes.
Nov 27 17:48:33 labcomputer systemd-udevd[261]: Using default interface naming scheme 'v249'.
Nov 27 17:48:33 labcomputer mtp-probe: checking bus 1, device 4: "/sys/devices/pci0000:00/0000:00:1a.0/usb1/1-1/1-1.3"
Nov 27 17:48:33 labcomputer mtp-probe: bus: 1, device: 4 was not an MTP device
Nov 27 17:48:33 labcomputer mtp-probe: checking bus 1, device 5: "/sys/devices/pci0000:00/0000:00:1a.0/usb1/1-1/1-1.4"
Nov 27 17:48:33 labcomputer mtp-probe: checking bus 1, device 3: "/sys/devices/pci0000:00/0000:00:1a.0/usb1/1-1/1-1.2"
Nov 27 17:48:33 labcomputer systemd-modules-load[233]: Inserted module 'parport_pc'
Nov 27 17:48:33 labcomputer mtp-probe: bus: 1, device: 3 was not an MTP device
Nov 27 17:48:33 labcomputer systemd-modules-load[233]: Inserted module 'msr'
Nov 27 17:48:33 labcomputer mtp-probe: bus: 1, device: 5 was not an MTP device
Nov 27 17:48:33 labcomputer systemd[1]: Finished Load Kernel Modules.
Nov 27 17:48:33 labcomputer systemd[1]: Starting Apply Kernel Variables...
Nov 27 17:48:33 labcomputer systemd-udevd[282]: sdb: Process '/usr/bin/unshare -m /usr/bin/snap auto-import --mount=/dev/sdb' failed with exit code 1.
Nov 27 17:48:33 labcomputer systemd-udevd[284]: sda: Process '/usr/bin/unshare -m /usr/bin/snap auto-import --mount=/dev/sda' failed with exit code 1.
Nov 27 17:48:33 labcomputer systemd[1]: Finished Apply Kernel Variables.
Nov 27 17:48:33 labcomputer systemd-udevd[279]: sdf: Process '/usr/bin/unshare -m /usr/bin/snap auto-import --mount=/dev/sdf' failed with exit code 1.
Nov 27 17:48:33 labcomputer systemd-udevd[261]: sde: Process '/usr/bin/unshare -m /usr/bin/snap auto-import --mount=/dev/sde' failed with exit code 1.
Nov 27 17:48:33 labcomputer systemd-udevd[271]: sdc: Process '/usr/bin/unshare -m /usr/bin/snap auto-import --mount=/dev/sdc' failed with exit code 1.
Nov 27 17:48:33 labcomputer systemd[1]: Listening on Load/Save RF Kill Switch Status /dev/rfkill Watch.
Nov 27 17:48:33 labcomputer systemd[1]: Condition check resulted in Dispatch Password Requests to Console Directory Watch being skipped.
Nov 27 17:48:33 labcomputer systemd-udevd[263]: sdd: Process '/usr/bin/unshare -m /usr/bin/snap auto-import --mount=/dev/sdd' failed with exit code 1.
Nov 27 17:48:33 labcomputer systemd[1]: Starting Load Kernel Module efi_pstore...
Nov 27 17:48:33 labcomputer systemd-udevd[272]: sdb1: Process '/usr/bin/unshare -m /usr/bin/snap auto-import --mount=/dev/sdb1' failed with exit code 1.
Nov 27 17:48:33 labcomputer systemd[1]: Condition check resulted in File System Check on Root Device being skipped.
Nov 27 17:48:33 labcomputer systemd[1]: modprobe@efi_pstore.service: Deactivated successfully.
Nov 27 17:48:33 labcomputer systemd[1]: Finished Load Kernel Module efi_pstore.
Nov 27 17:48:33 labcomputer systemd[1]: Condition check resulted in Platform Persistent Storage Archival being skipped.
Nov 27 17:48:33 labcomputer systemd-udevd[263]: sda1: Process '/usr/bin/unshare -m /usr/bin/snap auto-import --mount=/dev/sda1' failed with exit code 1.
Nov 27 17:48:33 labcomputer systemd-udevd[262]: sda3: Process '/usr/bin/unshare -m /usr/bin/snap auto-import --mount=/dev/sda3' failed with exit code 1.
Nov 27 17:48:33 labcomputer systemd-udevd[284]: sda4: Process '/usr/bin/unshare -m /usr/bin/snap auto-import --mount=/dev/sda4' failed with exit code 1.
Nov 27 17:48:33 labcomputer systemd-udevd[270]: sda2: Process '/usr/bin/unshare -m /usr/bin/snap auto-import --mount=/dev/sda2' failed with exit code 1.
Nov 27 17:48:33 labcomputer systemd[1]: Found device SAMSUNG_MZ7LN256HAJQ-000H1 EFI\x20System\x20Partition.
Nov 27 17:48:33 labcomputer systemd-udevd[265]: sr0: Process '/usr/bin/unshare -m /usr/bin/snap auto-import --mount=/dev/sr0' failed with exit code 1.
Nov 27 17:48:33 labcomputer systemd[1]: Starting File System Check on /dev/disk/by-uuid/D4E9-7B2B...
Nov 27 17:48:33 labcomputer systemd[1]: Started File System Check Daemon to report status.
Nov 27 17:48:33 labcomputer systemd-fsck[516]: fsck.fat 4.2 (2021-01-31)
Nov 27 17:48:33 labcomputer systemd-fsck[516]: /dev/sda2: 11 files, 1555/131063 clusters
Nov 27 17:48:33 labcomputer systemd[1]: Finished File System Check on /dev/disk/by-uuid/D4E9-7B2B.
Nov 27 17:48:33 labcomputer systemd[1]: Mounting /boot/efi...
Nov 27 17:48:33 labcomputer systemd[1]: Mounted /boot/efi.
Nov 27 17:48:33 labcomputer systemd[1]: Reached target Local File Systems.
Nov 27 17:48:33 labcomputer systemd[1]: Starting Load AppArmor profiles...
Nov 27 17:48:33 labcomputer systemd[1]: Starting Set console font and keymap...
Nov 27 17:48:33 labcomputer systemd[1]: Starting Tell Plymouth To Write Out Runtime Data...
Nov 27 17:48:33 labcomputer systemd[1]: Starting Set Up Additional Binary Formats...
Nov 27 17:48:33 labcomputer systemd[1]: Condition check resulted in Store a System Token in an EFI Variable being skipped.
Nov 27 17:48:33 labcomputer systemd[1]: Condition check resulted in Commit a transient machine-id on disk being skipped.
Nov 27 17:48:33 labcomputer systemd[1]: Starting Create Volatile Files and Directories...
Nov 27 17:48:33 labcomputer systemd[1]: Starting Uncomplicated firewall...
Nov 27 17:48:33 labcomputer systemd[1]: Finished Set console font and keymap.
Nov 27 17:48:33 labcomputer systemd[1]: proc-sys-fs-binfmt_misc.automount: Got automount request for /proc/sys/fs/binfmt_misc, triggered by 539 (systemd-binfmt)
Nov 27 17:48:33 labcomputer systemd[1]: Mounting Arbitrary Executable File Formats File System...
Nov 27 17:48:33 labcomputer systemd[1]: Finished Uncomplicated firewall.
Nov 27 17:48:33 labcomputer systemd[1]: Reached target Preparation for Network.
Nov 27 17:48:33 labcomputer apparmor.systemd[533]: Restarting AppArmor
Nov 27 17:48:33 labcomputer apparmor.systemd[533]: Reloading AppArmor profiles
Nov 27 17:48:33 labcomputer systemd[1]: Mounted Arbitrary Executable File Formats File System.
Nov 27 17:48:33 labcomputer systemd[1]: Finished Set Up Additional Binary Formats.
Nov 27 17:48:33 labcomputer systemd[1]: Finished Create Volatile Files and Directories.
Nov 27 17:48:33 labcomputer systemd[1]: Starting Userspace Out-Of-Memory (OOM) Killer...
Nov 27 17:48:33 labcomputer systemd[1]: Starting Network Name Resolution...
Nov 27 17:48:33 labcomputer systemd[1]: Starting Network Time Synchronization...
Nov 27 17:48:33 labcomputer systemd[1]: Starting Record System Boot/Shutdown in UTMP...
Nov 27 17:48:33 labcomputer systemd[1]: Finished Record System Boot/Shutdown in UTMP.
Nov 27 17:48:33 labcomputer systemd[1]: Started Userspace Out-Of-Memory (OOM) Killer.
Nov 27 17:48:33 labcomputer systemd[1]: Received SIGRTMIN+20 from PID 286 (plymouthd).
Nov 27 17:48:33 labcomputer systemd[1]: Finished Tell Plymouth To Write Out Runtime Data.
Nov 27 17:48:33 labcomputer systemd[1]: Started Network Time Synchronization.
Nov 27 17:48:33 labcomputer systemd[1]: Reached target System Time Set.
Nov 27 17:48:33 labcomputer systemd-udevd[274]: controlC0: Process '/usr/sbin/alsactl -E HOME=/run/alsa -E XDG_RUNTIME_DIR=/run/alsa/runtime restore 0' failed with exit code 99.
Nov 27 17:48:33 labcomputer systemd[1]: Condition check resulted in Dispatch Password Requests to Console Directory Watch being skipped.
Nov 27 17:48:33 labcomputer systemd-resolved[566]: Positive Trust Anchors:
Nov 27 17:48:33 labcomputer systemd-resolved[566]: . IN DS 20326 8 2 e06d44b80b8f1d39a95c0b0d7c65d08458e880409bbc683457104237c7f8ec8d
Nov 27 17:48:33 labcomputer systemd-resolved[566]: Negative trust anchors: home.arpa 10.in-addr.arpa 16.172.in-addr.arpa 17.172.in-addr.arpa 18.172.in-addr.arpa 19.172.in-addr.arpa 20.172.in-addr.arpa 21.172.in-addr.arpa 22.172.in-addr.arpa 23.172.in-addr.arpa 24.172.in-addr.arpa 25.172.in-addr.arpa 26.172.in-addr.arpa 27.172.in-addr.arpa 28.172.in-addr.arpa 29.172.in-addr.arpa 30.172.in-addr.arpa 31.172.in-addr.arpa 168.192.in-addr.arpa d.f.ip6.arpa corp home internal intranet lan local private test
Nov 27 17:48:33 labcomputer systemd[1]: Starting Load Kernel Module efi_pstore...
Nov 27 17:48:33 labcomputer systemd[1]: Condition check resulted in Store a System Token in an EFI Variable being skipped.
Nov 27 17:48:33 labcomputer systemd[1]: Condition check resulted in Commit a transient machine-id on disk being skipped.
Nov 27 17:48:33 labcomputer systemd[1]: modprobe@efi_pstore.service: Deactivated successfully.
Nov 27 17:48:33 labcomputer systemd[1]: Finished Load Kernel Module efi_pstore.
Nov 27 17:48:33 labcomputer systemd[1]: Condition check resulted in Platform Persistent Storage Archival being skipped.
Nov 27 17:48:33 labcomputer systemd-resolved[566]: Using system hostname 'labcomputer'.
Nov 27 17:48:33 labcomputer systemd[1]: Started Network Name Resolution.
Nov 27 17:48:33 labcomputer systemd[1]: Reached target Host and Network Name Lookups.
Nov 27 17:48:33 labcomputer apparmor.systemd[611]: Skipping profile in /etc/apparmor.d/disable: usr.sbin.rsyslogd
Nov 27 17:48:33 labcomputer mtp-probe: checking bus 1, device 6: "/sys/devices/pci0000:00/0000:00:1a.0/usb1/1-1/1-1.4"
Nov 27 17:48:33 labcomputer mtp-probe: bus: 1, device: 6 was not an MTP device
Nov 27 17:48:33 labcomputer mtp-probe: checking bus 1, device 6: "/sys/devices/pci0000:00/0000:00:1a.0/usb1/1-1/1-1.4"
Nov 27 17:48:33 labcomputer mtp-probe: bus: 1, device: 6 was not an MTP device
Nov 27 17:48:33 labcomputer mtp-probe: checking bus 1, device 7: "/sys/devices/pci0000:00/0000:00:1a.0/usb1/1-1/1-1.4"
Nov 27 17:48:33 labcomputer mtp-probe: bus: 1, device: 7 was not an MTP device
Nov 27 17:48:33 labcomputer mtp-probe: checking bus 1, device 7: "/sys/devices/pci0000:00/0000:00:1a.0/usb1/1-1/1-1.4"
Nov 27 17:48:33 labcomputer mtp-probe: bus: 1, device: 7 was not an MTP device
Nov 27 17:48:33 labcomputer systemd[1]: Finished Load AppArmor profiles.
Nov 27 17:48:33 labcomputer systemd[1]: Starting Load AppArmor profiles managed internally by snapd...
Nov 27 17:48:33 labcomputer snapd-apparmor[620]: main.go:124: Loading profiles [/var/lib/snapd/apparmor/profiles/snap-confine.snapd.19457 /var/lib/snapd/apparmor/profiles/snap-update-ns.firefox /var/lib/snapd/apparmor/profiles/snap-update-ns.snap-store /var/lib/snapd/apparmor/profiles/snap-update-ns.snapd-desktop-integration /var/lib/snapd/apparmor/profiles/snap.firefox.firefox /var/lib/snapd/apparmor/profiles/snap.firefox.geckodriver /var/lib/snapd/apparmor/profiles/snap.firefox.hook.configure /var/lib/snapd/apparmor/profiles/snap.firefox.hook.connect-plug-host-hunspell /var/lib/snapd/apparmor/profiles/snap.firefox.hook.disconnect-plug-host-hunspell /var/lib/snapd/apparmor/profiles/snap.firefox.hook.post-refresh /var/lib/snapd/apparmor/profiles/snap.snap-store.hook.configure /var/lib/snapd/apparmor/profiles/snap.snap-store.snap-store /var/lib/snapd/apparmor/profiles/snap.snap-store.ubuntu-software /var/lib/snapd/apparmor/profiles/snap.snap-store.ubuntu-software-local-file /var/lib/snapd/apparmor/profiles/snap.snapd-desktop-integration.hook.configure /var/lib/snapd/apparmor/profiles/snap.snapd-desktop-integration.snapd-desktop-integration]
Nov 27 17:48:33 labcomputer mtp-probe: checking bus 1, device 8: "/sys/devices/pci0000:00/0000:00:1a.0/usb1/1-1/1-1.4"
Nov 27 17:48:33 labcomputer mtp-probe: bus: 1, device: 8 was not an MTP device
Nov 27 17:48:33 labcomputer mtp-probe: checking bus 1, device 8: "/sys/devices/pci0000:00/0000:00:1a.0/usb1/1-1/1-1.4"
Nov 27 17:48:33 labcomputer mtp-probe: bus: 1, device: 8 was not an MTP device
Nov 27 17:48:33 labcomputer systemd[1]: Finished Load AppArmor profiles managed internally by snapd.
Nov 27 17:48:33 labcomputer systemd[1]: Reached target System Initialization.
Nov 27 17:48:33 labcomputer systemd[1]: Started ACPI Events Check.
Nov 27 17:48:33 labcomputer systemd[1]: Condition check resulted in Process error reports when automatic reporting is enabled (file watch) being skipped.
Nov 27 17:48:33 labcomputer systemd[1]: Started CUPS Scheduler.
Nov 27 17:48:33 labcomputer systemd[1]: Started Start whoopsie on modification of the /var/crash directory.
Nov 27 17:48:33 labcomputer systemd[1]: Started Trigger anacron every hour.
Nov 27 17:48:33 labcomputer systemd[1]: Condition check resulted in Process error reports when automatic reporting is enabled (timer based) being skipped.
Nov 27 17:48:33 labcomputer systemd[1]: Started Daily apt download activities.
Nov 27 17:48:33 labcomputer systemd[1]: Started Daily apt upgrade and clean activities.
Nov 27 17:48:33 labcomputer systemd[1]: Started Daily dpkg database backup timer.
Nov 27 17:48:33 labcomputer systemd[1]: Started Periodic ext4 Online Metadata Check for All Filesystems.
Nov 27 17:48:33 labcomputer systemd[1]: Started Discard unused blocks once a week.
Nov 27 17:48:33 labcomputer systemd[1]: Started Refresh fwupd metadata regularly.
Nov 27 17:48:33 labcomputer systemd[1]: Started Daily rotation of log files.
Nov 27 17:48:33 labcomputer systemd[1]: Started Daily man-db regeneration.
Nov 27 17:48:33 labcomputer systemd[1]: Started Message of the Day.
Nov 27 17:48:33 labcomputer systemd[1]: Condition check resulted in Timer to automatically fetch and run repair assertions being skipped.
Nov 27 17:48:33 labcomputer systemd[1]: Started Daily Cleanup of Temporary Directories.
Nov 27 17:48:33 labcomputer systemd[1]: Condition check resulted in Ubuntu Pro Timer for running repeated jobs being skipped.
Nov 27 17:48:33 labcomputer systemd[1]: Reached target Path Units.
Nov 27 17:48:33 labcomputer systemd[1]: Listening on ACPID Listen Socket.
Nov 27 17:48:33 labcomputer systemd[1]: Condition check resulted in Unix socket for apport crash forwarding being skipped.
Nov 27 17:48:33 labcomputer systemd[1]: Listening on Avahi mDNS/DNS-SD Stack Activation Socket.
Nov 27 17:48:33 labcomputer systemd[1]: Listening on CUPS Scheduler.
Nov 27 17:48:33 labcomputer systemd[1]: Listening on D-Bus System Message Bus Socket.
Nov 27 17:48:33 labcomputer systemd[1]: Starting Socket activation for snappy daemon...
Nov 27 17:48:33 labcomputer systemd[1]: Listening on UUID daemon activation socket.
Nov 27 17:48:33 labcomputer systemd[1]: Listening on Socket activation for snappy daemon.
Nov 27 17:48:33 labcomputer systemd[1]: Reached target Socket Units.
Nov 27 17:48:33 labcomputer systemd[1]: Reached target Basic System.
Nov 27 17:48:33 labcomputer systemd[1]: Starting Accounts Service...
Nov 27 17:48:33 labcomputer systemd[1]: Started ACPI event daemon.
Nov 27 17:48:33 labcomputer systemd[1]: Started Run anacron jobs.
Nov 27 17:48:33 labcomputer systemd[1]: Starting LSB: automatic crash report generation...
Nov 27 17:48:33 labcomputer anacron[656]: Anacron 2.3 started on 2023-11-27
Nov 27 17:48:33 labcomputer systemd[1]: Starting Avahi mDNS/DNS-SD Stack...
Nov 27 17:48:33 labcomputer anacron[656]: Will run job `cron.daily' in 5 min.
Nov 27 17:48:33 labcomputer anacron[656]: Will run job `cron.weekly' in 10 min.
Nov 27 17:48:33 labcomputer anacron[656]: Will run job `cron.monthly' in 15 min.
Nov 27 17:48:33 labcomputer anacron[656]: Jobs will be executed sequentially
Nov 27 17:48:33 labcomputer systemd[1]: Started Regular background program processing daemon.
Nov 27 17:48:33 labcomputer systemd[1]: Started D-Bus System Message Bus.
Nov 27 17:48:33 labcomputer cron[659]: (CRON) INFO (pidfile fd = 3)
Nov 27 17:48:33 labcomputer systemd[1]: Starting Network Manager...
Nov 27 17:48:33 labcomputer cron[659]: (CRON) INFO (Running @reboot jobs)
Nov 27 17:48:33 labcomputer avahi-daemon[658]: Found user 'avahi' (UID 114) and group 'avahi' (GID 121).
Nov 27 17:48:33 labcomputer systemd[1]: Started Save initial kernel messages after boot.
Nov 27 17:48:33 labcomputer systemd[1]: Starting Remove Stale Online ext4 Metadata Check Snapshots...
Nov 27 17:48:33 labcomputer systemd[1]: Condition check resulted in getty on tty2-tty6 if dbus and logind are not available being skipped.
Nov 27 17:48:33 labcomputer systemd[1]: Reached target Login Prompts.
Nov 27 17:48:33 labcomputer systemd[1]: Starting Detect the available GPUs and deal with any system changes...
Nov 27 17:48:33 labcomputer systemd[1]: Starting Record successful boot for GRUB...
Nov 27 17:48:33 labcomputer systemd[1]: Started irqbalance daemon.
Nov 27 17:48:33 labcomputer systemd[1]: Starting Dispatcher daemon for systemd-networkd...
Nov 27 17:48:33 labcomputer dbus-daemon[660]: dbus[660]: Unknown group "power" in message bus configuration file
Nov 27 17:48:33 labcomputer systemd[1]: Starting Authorization Manager...
Nov 27 17:48:33 labcomputer systemd[1]: Starting Power Profiles daemon...
Nov 27 17:48:33 labcomputer systemd[1]: Starting System Logging Service...
Nov 27 17:48:33 labcomputer systemd[1]: Condition check resulted in Secure Boot updates for DB and DBX being skipped.
Nov 27 17:48:33 labcomputer systemd[1]: Started Userspace listener for prompt events.
Nov 27 17:48:33 labcomputer systemd[1]: Condition check resulted in Automatically repair incorrect owner/permissions on core devices being skipped.
Nov 27 17:48:33 labcomputer systemd[1]: Condition check resulted in Wait for the Ubuntu Core chooser trigger being skipped.
Nov 27 17:48:33 labcomputer systemd[1]: Reached target Preparation for Logins.
Nov 27 17:48:33 labcomputer systemd[1]: Starting Snap Daemon...
Nov 27 17:48:33 labcomputer systemd[1]: Starting Switcheroo Control Proxy service...
Nov 27 17:48:33 labcomputer systemd[1]: Starting User Login Management...
Nov 27 17:48:33 labcomputer systemd[1]: Starting Thermal Daemon Service...
Nov 27 17:48:33 labcomputer systemd[1]: Condition check resulted in Ubuntu Pro reboot cmds being skipped.
Nov 27 17:48:33 labcomputer systemd[1]: Starting Disk Manager...
Nov 27 17:48:33 labcomputer systemd[1]: Starting WPA supplicant...
Nov 27 17:48:33 labcomputer avahi-daemon[658]: Successfully dropped root privileges.
Nov 27 17:48:33 labcomputer avahi-daemon[658]: avahi-daemon 0.8 starting up.
Nov 27 17:48:33 labcomputer apport[657]:  * Starting automatic crash report generation: apport
Nov 27 17:48:33 labcomputer rsyslogd: imuxsock: Acquired UNIX socket '/run/systemd/journal/syslog' (fd 3) from systemd.  [v8.2112.0]
Nov 27 17:48:33 labcomputer rsyslogd: rsyslogd's groupid changed to 111
Nov 27 17:48:33 labcomputer systemd[1]: Started System Logging Service.
Nov 27 17:48:33 labcomputer rsyslogd: rsyslogd's userid changed to 104
Nov 27 17:48:33 labcomputer rsyslogd: [origin software="rsyslogd" swVersion="8.2112.0" x-pid="678" x-info="https://www.rsyslog.com"] start
Nov 27 17:48:33 labcomputer kernel: [    0.000000]   Hygon HygonGenuine
Nov 27 17:48:33 labcomputer kernel: [    0.000000]   Centaur CentaurHauls
Nov 27 17:48:33 labcomputer kernel: [    0.000000]   zhaoxin   Shanghai  
Nov 27 17:48:33 labcomputer kernel: [    0.000000] reserving inaccessible SNB gfx pages
Nov 27 17:48:33 labcomputer kernel: [    0.000000] BIOS-provided physical RAM map:
Nov 27 17:48:33 labcomputer kernel: [    0.000000] BIOS-e820: [mem 0x0000000000000000-0x000000000009abff] usable
Nov 27 17:48:33 labcomputer kernel: [    0.000000] BIOS-e820: [mem 0x000000000009ac00-0x000000000009ffff] reserved
Nov 27 17:48:33 labcomputer kernel: [    0.000000] BIOS-e820: [mem 0x00000000000e0000-0x00000000000fffff] reserved
Nov 27 17:48:33 labcomputer kernel: [    0.000000] BIOS-e820: [mem 0x0000000000100000-0x000000001fffffff] usable
Nov 27 17:48:33 labcomputer kernel: [    0.000000] BIOS-e820: [mem 0x0000000020000000-0x00000000201fffff] reserved
Nov 27 17:48:33 labcomputer kernel: [    0.000000] BIOS-e820: [mem 0x0000000020200000-0x000000003fffffff] usable
Nov 27 17:48:33 labcomputer kernel: [    0.000000] BIOS-e820: [mem 0x0000000040000000-0x00000000401fffff] reserved
Nov 27 17:48:33 labcomputer kernel: [    0.000000] BIOS-e820: [mem 0x0000000040200000-0x00000000ca9f6fff] usable
Nov 27 17:48:33 labcomputer kernel: [    0.000000] BIOS-e820: [mem 0x00000000ca9f7000-0x00000000caa3afff] reserved
Nov 27 17:48:33 labcomputer kernel: [    0.000000] BIOS-e820: [mem 0x00000000caa3b000-0x00000000cadb6fff] usable
Nov 27 17:48:33 labcomputer kernel: [    0.000000] BIOS-e820: [mem 0x00000000cadb7000-0x00000000cade6fff] reserved
Nov 27 17:48:33 labcomputer kernel: [    0.000000] BIOS-e820: [mem 0x00000000cade7000-0x00000000cafe6fff] ACPI NVS
Nov 27 17:48:33 labcomputer kernel: [    0.000000] BIOS-e820: [mem 0x00000000cafe7000-0x00000000caffefff] ACPI data
Nov 27 17:48:33 labcomputer kernel: [    0.000000] BIOS-e820: [mem 0x00000000cafff000-0x00000000caffffff] usable
Nov 27 17:48:33 labcomputer kernel: [    0.000000] BIOS-e820: [mem 0x00000000cb800000-0x00000000cf9fffff] reserved
Nov 27 17:48:33 labcomputer kernel: [    0.000000] BIOS-e820: [mem 0x00000000fed1c000-0x00000000fed1ffff] reserved
Nov 27 17:48:33 labcomputer kernel: [    0.000000] BIOS-e820: [mem 0x00000000ffc00000-0x00000000ffc1ffff] reserved
Nov 27 17:48:33 labcomputer kernel: [    0.000000] BIOS-e820: [mem 0x0000000100000000-0x000000082dffffff] usable
Nov 27 17:48:33 labcomputer kernel: [    0.000000] NX (Execute Disable) protection: active
Nov 27 17:48:33 labcomputer kernel: [    0.000000] SMBIOS 2.6 present.
Nov 27 17:48:33 labcomputer kernel: [    0.000000] DMI: Dell Inc. OptiPlex 790/0HY9JP, BIOS A22 07/03/2018
Nov 27 17:48:33 labcomputer kernel: [    0.000000] tsc: Fast TSC calibration using PIT
Nov 27 17:48:33 labcomputer kernel: [    0.000000] tsc: Detected 3092.904 MHz processor
Nov 27 17:48:33 labcomputer kernel: [    0.000920] e820: update [mem 0x00000000-0x00000fff] usable ==> reserved
Nov 27 17:48:33 labcomputer kernel: [    0.000923] e820: remove [mem 0x000a0000-0x000fffff] usable
Nov 27 17:48:33 labcomputer kernel: [    0.000931] last_pfn = 0x82e000 max_arch_pfn = 0x400000000
Nov 27 17:48:33 labcomputer kernel: [    0.000940] total RAM covered: 32656M
Nov 27 17:48:33 labcomputer kernel: [    0.001096]  gran_size: 64K 	chunk_size: 64K 	num_reg: 10  	lose cover RAM: 96M
Nov 27 17:48:33 labcomputer kernel: [    0.001099]  gran_size: 64K 	chunk_size: 128K 	num_reg: 10  	lose cover RAM: 96M
Nov 27 17:48:33 labcomputer kernel: [    0.001101]  gran_size: 64K 	chunk_size: 256K 	num_reg: 10  	lose cover RAM: 96M
Nov 27 17:48:33 labcomputer kernel: [    0.001102]  gran_size: 64K 	chunk_size: 512K 	num_reg: 10  	lose cover RAM: 96M
Nov 27 17:48:33 labcomputer kernel: [    0.001104]  gran_size: 64K 	chunk_size: 1M 	num_reg: 10  	lose cover RAM: 96M
Nov 27 17:48:33 labcomputer kernel: [    0.001105]  gran_size: 64K 	chunk_size: 2M 	num_reg: 10  	lose cover RAM: 96M
Nov 27 17:48:33 labcomputer kernel: [    0.001107]  gran_size: 64K 	chunk_size: 4M 	num_reg: 10  	lose cover RAM: 96M
Nov 27 17:48:33 labcomputer kernel: [    0.001109]  gran_size: 64K 	chunk_size: 8M 	num_reg: 10  	lose cover RAM: 96M
Nov 27 17:48:33 labcomputer kernel: [    0.001110]  gran_size: 64K 	chunk_size: 16M 	num_reg: 10  	lose cover RAM: 96M
Nov 27 17:48:33 labcomputer kernel: [    0.001112]  gran_size: 64K 	chunk_size: 32M 	num_reg: 10  	lose cover RAM: 96M
Nov 27 17:48:33 labcomputer kernel: [    0.001113] *BAD*gran_size: 64K 	chunk_size: 64M 	num_reg: 10  	lose cover RAM: -32M
Nov 27 17:48:33 labcomputer kernel: [    0.001115] *BAD*gran_size: 64K 	chunk_size: 128M 	num_reg: 10  	lose cover RAM: -32M
Nov 27 17:48:33 labcomputer kernel: [    0.001117] *BAD*gran_size: 64K 	chunk_size: 256M 	num_reg: 10  	lose cover RAM: -32M
Nov 27 17:48:33 labcomputer kernel: [    0.001118] *BAD*gran_size: 64K 	chunk_size: 512M 	num_reg: 10  	lose cover RAM: -288M
Nov 27 17:48:33 labcomputer kernel: [    0.001120] *BAD*gran_size: 64K 	chunk_size: 1G 	num_reg: 10  	lose cover RAM: -256M
Nov 27 17:48:33 labcomputer kernel: [    0.001121] *BAD*gran_size: 64K 	chunk_size: 2G 	num_reg: 10  	lose cover RAM: -1280M
Nov 27 17:48:33 labcomputer kernel: [    0.001123]  gran_size: 128K 	chunk_size: 128K 	num_reg: 10  	lose cover RAM: 96M
Nov 27 17:48:33 labcomputer kernel: [    0.001125]  gran_size: 128K 	chunk_size: 256K 	num_reg: 10  	lose cover RAM: 96M
Nov 27 17:48:33 labcomputer kernel: [    0.001126]  gran_size: 128K 	chunk_size: 512K 	num_reg: 10  	lose cover RAM: 96M
Nov 27 17:48:33 labcomputer kernel: [    0.001128]  gran_size: 128K 	chunk_size: 1M 	num_reg: 10  	lose cover RAM: 96M
Nov 27 17:48:33 labcomputer kernel: [    0.001129]  gran_size: 128K 	chunk_size: 2M 	num_reg: 10  	lose cover RAM: 96M
Nov 27 17:48:33 labcomputer kernel: [    0.001131]  gran_size: 128K 	chunk_size: 4M 	num_reg: 10  	lose cover RAM: 96M
Nov 27 17:48:33 labcomputer kernel: [    0.001132]  gran_size: 128K 	chunk_size: 8M 	num_reg: 10  	lose cover RAM: 96M
Nov 27 17:48:33 labcomputer kernel: [    0.001134]  gran_size: 128K 	chunk_size: 16M 	num_reg: 10  	lose cover RAM: 96M
Nov 27 17:48:33 labcomputer kernel: [    0.001136]  gran_size: 128K 	chunk_size: 32M 	num_reg: 10  	lose cover RAM: 96M
Nov 27 17:48:33 labcomputer kernel: [    0.001137] *BAD*gran_size: 128K 	chunk_size: 64M 	num_reg: 10  	lose cover RAM: -32M
Nov 27 17:48:33 labcomputer kernel: [    0.001139] *BAD*gran_size: 128K 	chunk_size: 128M 	num_reg: 10  	lose cover RAM: -32M
Nov 27 17:48:33 labcomputer kernel: [    0.001140] *BAD*gran_size: 128K 	chunk_size: 256M 	num_reg: 10  	lose cover RAM: -32M
Nov 27 17:48:33 labcomputer kernel: [    0.001142] *BAD*gran_size: 128K 	chunk_size: 512M 	num_reg: 10  	lose cover RAM: -288M
Nov 27 17:48:33 labcomputer kernel: [    0.001144] *BAD*gran_size: 128K 	chunk_size: 1G 	num_reg: 10  	lose cover RAM: -256M
Nov 27 17:48:33 labcomputer kernel: [    0.001145] *BAD*gran_size: 128K 	chunk_size: 2G 	num_reg: 10  	lose cover RAM: -1280M
Nov 27 17:48:33 labcomputer kernel: [    0.001147]  gran_size: 256K 	chunk_size: 256K 	num_reg: 10  	lose cover RAM: 96M
Nov 27 17:48:33 labcomputer kernel: [    0.001148]  gran_size: 256K 	chunk_size: 512K 	num_reg: 10  	lose cover RAM: 96M
Nov 27 17:48:33 labcomputer kernel: [    0.001150]  gran_size: 256K 	chunk_size: 1M 	num_reg: 10  	lose cover RAM: 96M
Nov 27 17:48:33 labcomputer kernel: [    0.001151]  gran_size: 256K 	chunk_size: 2M 	num_reg: 10  	lose cover RAM: 96M
Nov 27 17:48:33 labcomputer kernel: [    0.001153]  gran_size: 256K 	chunk_size: 4M 	num_reg: 10  	lose cover RAM: 96M
Nov 27 17:48:33 labcomputer kernel: [    0.001154]  gran_size: 256K 	chunk_size: 8M 	num_reg: 10  	lose cover RAM: 96M
Nov 27 17:48:33 labcomputer kernel: [    0.001156]  gran_size: 256K 	chunk_size: 16M 	num_reg: 10  	lose cover RAM: 96M
Nov 27 17:48:33 labcomputer kernel: [    0.001158]  gran_size: 256K 	chunk_size: 32M 	num_reg: 10  	lose cover RAM: 96M
Nov 27 17:48:33 labcomputer kernel: [    0.001159] *BAD*gran_size: 256K 	chunk_size: 64M 	num_reg: 10  	lose cover RAM: -32M
Nov 27 17:48:33 labcomputer kernel: [    0.001161] *BAD*gran_size: 256K 	chunk_size: 128M 	num_reg: 10  	lose cover RAM: -32M
Nov 27 17:48:33 labcomputer kernel: [    0.001162] *BAD*gran_size: 256K 	chunk_size: 256M 	num_reg: 10  	lose cover RAM: -32M
Nov 27 17:48:33 labcomputer kernel: [    0.001164] *BAD*gran_size: 256K 	chunk_size: 512M 	num_reg: 10  	lose cover RAM: -288M
Nov 27 17:48:33 labcomputer kernel: [    0.001165] *BAD*gran_size: 256K 	chunk_size: 1G 	num_reg: 10  	lose cover RAM: -256M
Nov 27 17:48:33 labcomputer kernel: [    0.001167] *BAD*gran_size: 256K 	chunk_size: 2G 	num_reg: 10  	lose cover RAM: -1280M
Nov 27 17:48:33 labcomputer kernel: [    0.001169]  gran_size: 512K 	chunk_size: 512K 	num_reg: 10  	lose cover RAM: 96M
Nov 27 17:48:33 labcomputer kernel: [    0.001170]  gran_size: 512K 	chunk_size: 1M 	num_reg: 10  	lose cover RAM: 96M
Nov 27 17:48:33 labcomputer kernel: [    0.001172]  gran_size: 512K 	chunk_size: 2M 	num_reg: 10  	lose cover RAM: 96M
Nov 27 17:48:33 labcomputer kernel: [    0.001173]  gran_size: 512K 	chunk_size: 4M 	num_reg: 10  	lose cover RAM: 96M
Nov 27 17:48:33 labcomputer kernel: [    0.001175]  gran_size: 512K 	chunk_size: 8M 	num_reg: 10  	lose cover RAM: 96M
Nov 27 17:48:33 labcomputer kernel: [    0.001176]  gran_size: 512K 	chunk_size: 16M 	num_reg: 10  	lose cover RAM: 96M
Nov 27 17:48:33 labcomputer kernel: [    0.001178]  gran_size: 512K 	chunk_size: 32M 	num_reg: 10  	lose cover RAM: 96M
Nov 27 17:48:33 labcomputer kernel: [    0.001179] *BAD*gran_size: 512K 	chunk_size: 64M 	num_reg: 10  	lose cover RAM: -32M
Nov 27 17:48:33 labcomputer kernel: [    0.001181] *BAD*gran_size: 512K 	chunk_size: 128M 	num_reg: 10  	lose cover RAM: -32M
Nov 27 17:48:33 labcomputer kernel: [    0.001183] *BAD*gran_size: 512K 	chunk_size: 256M 	num_reg: 10  	lose cover RAM: -32M
Nov 27 17:48:33 labcomputer kernel: [    0.001184] *BAD*gran_size: 512K 	chunk_size: 512M 	num_reg: 10  	lose cover RAM: -288M
Nov 27 17:48:33 labcomputer kernel: [    0.001186] *BAD*gran_size: 512K 	chunk_size: 1G 	num_reg: 10  	lose cover RAM: -256M
Nov 27 17:48:33 labcomputer kernel: [    0.001187] *BAD*gran_size: 512K 	chunk_size: 2G 	num_reg: 10  	lose cover RAM: -1280M
Nov 27 17:48:33 labcomputer kernel: [    0.001189]  gran_size: 1M 	chunk_size: 1M 	num_reg: 10  	lose cover RAM: 96M
Nov 27 17:48:33 labcomputer kernel: [    0.001190]  gran_size: 1M 	chunk_size: 2M 	num_reg: 10  	lose cover RAM: 96M
Nov 27 17:48:33 labcomputer kernel: [    0.001192]  gran_size: 1M 	chunk_size: 4M 	num_reg: 10  	lose cover RAM: 96M
Nov 27 17:48:33 labcomputer kernel: [    0.001194]  gran_size: 1M 	chunk_size: 8M 	num_reg: 10  	lose cover RAM: 96M
Nov 27 17:48:33 labcomputer kernel: [    0.001195]  gran_size: 1M 	chunk_size: 16M 	num_reg: 10  	lose cover RAM: 96M
Nov 27 17:48:33 labcomputer kernel: [    0.001197]  gran_size: 1M 	chunk_size: 32M 	num_reg: 10  	lose cover RAM: 96M
Nov 27 17:48:33 labcomputer kernel: [    0.001198] *BAD*gran_size: 1M 	chunk_size: 64M 	num_reg: 10  	lose cover RAM: -32M
Nov 27 17:48:33 labcomputer kernel: [    0.001200] *BAD*gran_size: 1M 	chunk_size: 128M 	num_reg: 10  	lose cover RAM: -32M
Nov 27 17:48:33 labcomputer kernel: [    0.001201] *BAD*gran_size: 1M 	chunk_size: 256M 	num_reg: 10  	lose cover RAM: -32M
Nov 27 17:48:33 labcomputer kernel: [    0.001203] *BAD*gran_size: 1M 	chunk_size: 512M 	num_reg: 10  	lose cover RAM: -288M
Nov 27 17:48:33 labcomputer kernel: [    0.001204] *BAD*gran_size: 1M 	chunk_size: 1G 	num_reg: 10  	lose cover RAM: -256M
Nov 27 17:48:33 labcomputer kernel: [    0.001206] *BAD*gran_size: 1M 	chunk_size: 2G 	num_reg: 10  	lose cover RAM: -1280M
Nov 27 17:48:33 labcomputer kernel: [    0.001208]  gran_size: 2M 	chunk_size: 2M 	num_reg: 10  	lose cover RAM: 96M
Nov 27 17:48:33 labcomputer kernel: [    0.001209]  gran_size: 2M 	chunk_size: 4M 	num_reg: 10  	lose cover RAM: 96M
Nov 27 17:48:33 labcomputer kernel: [    0.001211]  gran_size: 2M 	chunk_size: 8M 	num_reg: 10  	lose cover RAM: 96M
Nov 27 17:48:33 labcomputer kernel: [    0.001212]  gran_size: 2M 	chunk_size: 16M 	num_reg: 10  	lose cover RAM: 96M
Nov 27 17:48:33 labcomputer kernel: [    0.001214]  gran_size: 2M 	chunk_size: 32M 	num_reg: 10  	lose cover RAM: 96M
Nov 27 17:48:33 labcomputer kernel: [    0.001215] *BAD*gran_size: 2M 	chunk_size: 64M 	num_reg: 10  	lose cover RAM: -32M
Nov 27 17:48:33 labcomputer kernel: [    0.001217] *BAD*gran_size: 2M 	chunk_size: 128M 	num_reg: 10  	lose cover RAM: -32M
Nov 27 17:48:33 labcomputer kernel: [    0.001218] *BAD*gran_size: 2M 	chunk_size: 256M 	num_reg: 10  	lose cover RAM: -32M
Nov 27 17:48:33 labcomputer kernel: [    0.001220] *BAD*gran_size: 2M 	chunk_size: 512M 	num_reg: 10  	lose cover RAM: -288M
Nov 27 17:48:33 labcomputer kernel: [    0.001221] *BAD*gran_size: 2M 	chunk_size: 1G 	num_reg: 10  	lose cover RAM: -256M
Nov 27 17:48:33 labcomputer kernel: [    0.001223] *BAD*gran_size: 2M 	chunk_size: 2G 	num_reg: 10  	lose cover RAM: -1280M
Nov 27 17:48:33 labcomputer kernel: [    0.001224]  gran_size: 4M 	chunk_size: 4M 	num_reg: 10  	lose cover RAM: 96M
Nov 27 17:48:33 labcomputer kernel: [    0.001226]  gran_size: 4M 	chunk_size: 8M 	num_reg: 10  	lose cover RAM: 96M
Nov 27 17:48:33 labcomputer kernel: [    0.001228]  gran_size: 4M 	chunk_size: 16M 	num_reg: 10  	lose cover RAM: 96M
Nov 27 17:48:33 labcomputer kernel: [    0.001229]  gran_size: 4M 	chunk_size: 32M 	num_reg: 10  	lose cover RAM: 96M
Nov 27 17:48:33 labcomputer kernel: [    0.001231] *BAD*gran_size: 4M 	chunk_size: 64M 	num_reg: 10  	lose cover RAM: -32M
Nov 27 17:48:33 labcomputer kernel: [    0.001232] *BAD*gran_size: 4M 	chunk_size: 128M 	num_reg: 10  	lose cover RAM: -32M
Nov 27 17:48:33 labcomputer kernel: [    0.001234] *BAD*gran_size: 4M 	chunk_size: 256M 	num_reg: 10  	lose cover RAM: -32M
Nov 27 17:48:33 labcomputer kernel: [    0.001235] *BAD*gran_size: 4M 	chunk_size: 512M 	num_reg: 10  	lose cover RAM: -288M
Nov 27 17:48:33 labcomputer kernel: [    0.001237] *BAD*gran_size: 4M 	chunk_size: 1G 	num_reg: 10  	lose cover RAM: -256M
Nov 27 17:48:33 labcomputer kernel: [    0.001238] *BAD*gran_size: 4M 	chunk_size: 2G 	num_reg: 10  	lose cover RAM: -1280M
Nov 27 17:48:33 labcomputer kernel: [    0.001240]  gran_size: 8M 	chunk_size: 8M 	num_reg: 10  	lose cover RAM: 96M
Nov 27 17:48:33 labcomputer kernel: [    0.001241]  gran_size: 8M 	chunk_size: 16M 	num_reg: 10  	lose cover RAM: 96M
Nov 27 17:48:33 labcomputer kernel: [    0.001243]  gran_size: 8M 	chunk_size: 32M 	num_reg: 10  	lose cover RAM: 96M
Nov 27 17:48:33 labcomputer kernel: [    0.001244] *BAD*gran_size: 8M 	chunk_size: 64M 	num_reg: 10  	lose cover RAM: -32M
Nov 27 17:48:33 labcomputer kernel: [    0.001246] *BAD*gran_size: 8M 	chunk_size: 128M 	num_reg: 10  	lose cover RAM: -32M
Nov 27 17:48:33 labcomputer kernel: [    0.001248] *BAD*gran_size: 8M 	chunk_size: 256M 	num_reg: 10  	lose cover RAM: -32M
Nov 27 17:48:33 labcomputer kernel: [    0.001249] *BAD*gran_size: 8M 	chunk_size: 512M 	num_reg: 10  	lose cover RAM: -288M
Nov 27 17:48:33 labcomputer kernel: [    0.001251] *BAD*gran_size: 8M 	chunk_size: 1G 	num_reg: 10  	lose cover RAM: -256M
Nov 27 17:48:33 labcomputer kernel: [    0.001252] *BAD*gran_size: 8M 	chunk_size: 2G 	num_reg: 10  	lose cover RAM: -1280M
Nov 27 17:48:33 labcomputer kernel: [    0.001254]  gran_size: 16M 	chunk_size: 16M 	num_reg: 10  	lose cover RAM: 96M
Nov 27 17:48:33 labcomputer kernel: [    0.001255]  gran_size: 16M 	chunk_size: 32M 	num_reg: 10  	lose cover RAM: 96M
Nov 27 17:48:33 labcomputer kernel: [    0.001257] *BAD*gran_size: 16M 	chunk_size: 64M 	num_reg: 10  	lose cover RAM: -32M
Nov 27 17:48:33 labcomputer kernel: [    0.001259] *BAD*gran_size: 16M 	chunk_size: 128M 	num_reg: 10  	lose cover RAM: -32M
Nov 27 17:48:33 labcomputer kernel: [    0.001260] *BAD*gran_size: 16M 	chunk_size: 256M 	num_reg: 10  	lose cover RAM: -32M
Nov 27 17:48:33 labcomputer kernel: [    0.001262] *BAD*gran_size: 16M 	chunk_size: 512M 	num_reg: 10  	lose cover RAM: -288M
Nov 27 17:48:33 labcomputer kernel: [    0.001263] *BAD*gran_size: 16M 	chunk_size: 1G 	num_reg: 10  	lose cover RAM: -256M
Nov 27 17:48:33 labcomputer kernel: [    0.001265] *BAD*gran_size: 16M 	chunk_size: 2G 	num_reg: 10  	lose cover RAM: -1280M
Nov 27 17:48:33 labcomputer kernel: [    0.001266]  gran_size: 32M 	chunk_size: 32M 	num_reg: 10  	lose cover RAM: 48M
Nov 27 17:48:33 labcomputer kernel: [    0.001268] *BAD*gran_size: 32M 	chunk_size: 64M 	num_reg: 10  	lose cover RAM: -16M
Nov 27 17:48:33 labcomputer kernel: [    0.001269] *BAD*gran_size: 32M 	chunk_size: 128M 	num_reg: 10  	lose cover RAM: -16M
Nov 27 17:48:33 labcomputer kernel: [    0.001271] *BAD*gran_size: 32M 	chunk_size: 256M 	num_reg: 10  	lose cover RAM: -16M
Nov 27 17:48:33 labcomputer kernel: [    0.001273] *BAD*gran_size: 32M 	chunk_size: 512M 	num_reg: 10  	lose cover RAM: -272M
Nov 27 17:48:33 labcomputer kernel: [    0.001274] *BAD*gran_size: 32M 	chunk_size: 1G 	num_reg: 10  	lose cover RAM: -240M
Nov 27 17:48:33 labcomputer kernel: [    0.001276] *BAD*gran_size: 32M 	chunk_size: 2G 	num_reg: 10  	lose cover RAM: -1264M
Nov 27 17:48:33 labcomputer kernel: [    0.001277]  gran_size: 64M 	chunk_size: 64M 	num_reg: 9  	lose cover RAM: 80M
Nov 27 17:48:33 labcomputer kernel: [    0.001279]  gran_size: 64M 	chunk_size: 128M 	num_reg: 9  	lose cover RAM: 80M
Nov 27 17:48:33 labcomputer kernel: [    0.001280]  gran_size: 64M 	chunk_size: 256M 	num_reg: 10  	lose cover RAM: 80M
Nov 27 17:48:33 labcomputer kernel: [    0.001282] *BAD*gran_size: 64M 	chunk_size: 512M 	num_reg: 10  	lose cover RAM: -176M
Nov 27 17:48:33 labcomputer kernel: [    0.001284]  gran_size: 64M 	chunk_size: 1G 	num_reg: 10  	lose cover RAM: 80M
Nov 27 17:48:33 labcomputer kernel: [    0.001285] *BAD*gran_size: 64M 	chunk_size: 2G 	num_reg: 10  	lose cover RAM: -944M
Nov 27 17:48:33 labcomputer kernel: [    0.001287]  gran_size: 128M 	chunk_size: 128M 	num_reg: 8  	lose cover RAM: 144M
Nov 27 17:48:33 labcomputer kernel: [    0.001288]  gran_size: 128M 	chunk_size: 256M 	num_reg: 10  	lose cover RAM: 144M
Nov 27 17:48:33 labcomputer kernel: [    0.001290] *BAD*gran_size: 128M 	chunk_size: 512M 	num_reg: 10  	lose cover RAM: -112M
Nov 27 17:48:33 labcomputer kernel: [    0.001292]  gran_size: 128M 	chunk_size: 1G 	num_reg: 10  	lose cover RAM: 144M
Nov 27 17:48:33 labcomputer kernel: [    0.001293] *BAD*gran_size: 128M 	chunk_size: 2G 	num_reg: 10  	lose cover RAM: -880M
Nov 27 17:48:33 labcomputer kernel: [    0.001295]  gran_size: 256M 	chunk_size: 256M 	num_reg: 6  	lose cover RAM: 400M
Nov 27 17:48:33 labcomputer kernel: [    0.001296]  gran_size: 256M 	chunk_size: 512M 	num_reg: 6  	lose cover RAM: 400M
Nov 27 17:48:33 labcomputer kernel: [    0.001298]  gran_size: 256M 	chunk_size: 1G 	num_reg: 7  	lose cover RAM: 400M
Nov 27 17:48:33 labcomputer kernel: [    0.001299]  gran_size: 256M 	chunk_size: 2G 	num_reg: 8  	lose cover RAM: 400M
Nov 27 17:48:33 labcomputer kernel: [    0.001301]  gran_size: 512M 	chunk_size: 512M 	num_reg: 6  	lose cover RAM: 400M
Nov 27 17:48:33 labcomputer kernel: [    0.001302]  gran_size: 512M 	chunk_size: 1G 	num_reg: 7  	lose cover RAM: 400M
Nov 27 17:48:33 labcomputer kernel: [    0.001304]  gran_size: 512M 	chunk_size: 2G 	num_reg: 8  	lose cover RAM: 400M
Nov 27 17:48:33 labcomputer kernel: [    0.001306]  gran_size: 1G 	chunk_size: 1G 	num_reg: 5  	lose cover RAM: 912M
Nov 27 17:48:33 labcomputer kernel: [    0.001307]  gran_size: 1G 	chunk_size: 2G 	num_reg: 5  	lose cover RAM: 912M
Nov 27 17:48:33 labcomputer kernel: [    0.001309]  gran_size: 2G 	chunk_size: 2G 	num_reg: 4  	lose cover RAM: 1936M
Nov 27 17:48:33 labcomputer kernel: [    0.001310] mtrr_cleanup: can not find optimal value
Nov 27 17:48:33 labcomputer kernel: [    0.001311] please specify mtrr_gran_size/mtrr_chunk_size
Nov 27 17:48:33 labcomputer kernel: [    0.001312] x86/PAT: Configuration [0-7]: WB  WC  UC- UC  WB  WP  UC- WT  
Nov 27 17:48:33 labcomputer kernel: [    0.004519] e820: update [mem 0xcb000000-0xffffffff] usable ==> reserved
Nov 27 17:48:33 labcomputer kernel: [    0.004527] last_pfn = 0xcb000 max_arch_pfn = 0x400000000
Nov 27 17:48:33 labcomputer kernel: [    0.006841] found SMP MP-table at [mem 0x000f2240-0x000f224f]
Nov 27 17:48:33 labcomputer kernel: [    0.007742] RAMDISK: [mem 0x2fc0f000-0x33dfefff]
Nov 27 17:48:33 labcomputer kernel: [    0.007748] ACPI: Early table checksum verification disabled
Nov 27 17:48:33 labcomputer kernel: [    0.007752] ACPI: RSDP 0x00000000000FE300 000024 (v02 DELL  )
Nov 27 17:48:33 labcomputer kernel: [    0.007756] ACPI: XSDT 0x00000000CAFFDE18 00007C (v01 DELL   CBX3     06222004 MSFT 00010013)
Nov 27 17:48:33 labcomputer kernel: [    0.007763] ACPI: FACP 0x00000000CAF87D98 0000F4 (v04 DELL   CBX3     06222004 MSFT 00010013)
Nov 27 17:48:33 labcomputer kernel: [    0.007770] ACPI: DSDT 0x00000000CAF71018 007581 (v02 INT430 SYSFexxx 00001001 INTL 20090903)
Nov 27 17:48:33 labcomputer kernel: [    0.007774] ACPI: FACS 0x00000000CAFE4E40 000040
Nov 27 17:48:33 labcomputer kernel: [    0.007778] ACPI: FACS 0x00000000CAFE4D40 000040
Nov 27 17:48:33 labcomputer kernel: [    0.007781] ACPI: APIC 0x00000000CAFFCF18 0000CC (v02 DELL   CBX3     06222004 MSFT 00010013)
Nov 27 17:48:33 labcomputer kernel: [    0.007785] ACPI: TCPA 0x00000000CAFE5D18 000032 (v02                 00000000      00000000)
Nov 27 17:48:33 labcomputer kernel: [    0.007790] ACPI: SSDT 0x00000000CAF88A98 0002F9 (v01 DELLTP TPM      00003000 INTL 20090903)
Nov 27 17:48:33 labcomputer kernel: [    0.007794] ACPI: MCFG 0x00000000CAFE5C98 00003C (v01 DELL   SNDYBRDG 06222004 MSFT 00000097)
Nov 27 17:48:33 labcomputer kernel: [    0.007798] ACPI: HPET 0x00000000CAFE5C18 000038 (v01 A M I   PCHHPET 06222004 AMI. 00000003)
Nov 27 17:48:33 labcomputer kernel: [    0.007802] ACPI: BOOT 0x00000000CAFE5B98 000028 (v01 DELL   CBX3     06222004 AMI  00010013)
Nov 27 17:48:33 labcomputer kernel: [    0.007806] ACPI: SSDT 0x00000000CAF7E818 0007C2 (v01 PmRef  Cpu0Ist  00003000 INTL 20090903)
Nov 27 17:48:33 labcomputer kernel: [    0.007810] ACPI: SSDT 0x00000000CAF7D018 000996 (v01 PmRef  CpuPm    00003000 INTL 20090903)
Nov 27 17:48:33 labcomputer kernel: [    0.007814] ACPI: DMAR 0x00000000CAF87C18 0000E8 (v01 INTEL  SNB      00000001 INTL 00000001)
Nov 27 17:48:33 labcomputer kernel: [    0.007818] ACPI: SLIC 0x00000000CAF86C18 000176 (v03 DELL   CBX3     06222004 MSFT 00010013)
Nov 27 17:48:33 labcomputer kernel: [    0.007821] ACPI: Reserving FACP table memory at [mem 0xcaf87d98-0xcaf87e8b]
Nov 27 17:48:33 labcomputer kernel: [    0.007823] ACPI: Reserving DSDT table memory at [mem 0xcaf71018-0xcaf78598]
Nov 27 17:48:33 labcomputer kernel: [    0.007824] ACPI: Reserving FACS table memory at [mem 0xcafe4e40-0xcafe4e7f]
Nov 27 17:48:33 labcomputer kernel: [    0.007825] ACPI: Reserving FACS table memory at [mem 0xcafe4d40-0xcafe4d7f]
Nov 27 17:48:33 labcomputer kernel: [    0.007826] ACPI: Reserving APIC table memory at [mem 0xcaffcf18-0xcaffcfe3]
Nov 27 17:48:33 labcomputer kernel: [    0.007827] ACPI: Reserving TCPA table memory at [mem 0xcafe5d18-0xcafe5d49]
Nov 27 17:48:33 labcomputer kernel: [    0.007828] ACPI: Reserving SSDT table memory at [mem 0xcaf88a98-0xcaf88d90]
Nov 27 17:48:33 labcomputer kernel: [    0.007829] ACPI: Reserving MCFG table memory at [mem 0xcafe5c98-0xcafe5cd3]
Nov 27 17:48:33 labcomputer kernel: [    0.007830] ACPI: Reserving HPET table memory at [mem 0xcafe5c18-0xcafe5c4f]
Nov 27 17:48:33 labcomputer kernel: [    0.007830] ACPI: Reserving BOOT table memory at [mem 0xcafe5b98-0xcafe5bbf]
Nov 27 17:48:33 labcomputer kernel: [    0.007831] ACPI: Reserving SSDT table memory at [mem 0xcaf7e818-0xcaf7efd9]
Nov 27 17:48:33 labcomputer kernel: [    0.007832] ACPI: Reserving SSDT table memory at [mem 0xcaf7d018-0xcaf7d9ad]
Nov 27 17:48:33 labcomputer kernel: [    0.007833] ACPI: Reserving DMAR table memory at [mem 0xcaf87c18-0xcaf87cff]
Nov 27 17:48:33 labcomputer kernel: [    0.007834] ACPI: Reserving SLIC table memory at [mem 0xcaf86c18-0xcaf86d8d]
Nov 27 17:48:33 labcomputer kernel: [    0.007950] No NUMA configuration found
Nov 27 17:48:33 labcomputer kernel: [    0.007951] Faking a node at [mem 0x0000000000000000-0x000000082dffffff]
Nov 27 17:48:33 labcomputer kernel: [    0.007960] NODE_DATA(0) allocated [mem 0x82dfb9000-0x82dfe3fff]
Nov 27 17:48:33 labcomputer kernel: [    0.008193] Zone ranges:
Nov 27 17:48:33 labcomputer kernel: [    0.008194]   DMA      [mem 0x0000000000001000-0x0000000000ffffff]
Nov 27 17:48:33 labcomputer kernel: [    0.008196]   DMA32    [mem 0x0000000001000000-0x00000000ffffffff]
Nov 27 17:48:33 labcomputer kernel: [    0.008198]   Normal   [mem 0x0000000100000000-0x000000082dffffff]
Nov 27 17:48:33 labcomputer kernel: [    0.008199]   Device   empty
Nov 27 17:48:33 labcomputer kernel: [    0.008200] Movable zone start for each node
Nov 27 17:48:33 labcomputer kernel: [    0.008203] Early memory node ranges
Nov 27 17:48:33 labcomputer kernel: [    0.008203]   node   0: [mem 0x0000000000001000-0x0000000000099fff]
Nov 27 17:48:33 labcomputer kernel: [    0.008205]   node   0: [mem 0x0000000000100000-0x000000001fffffff]
Nov 27 17:48:33 labcomputer kernel: [    0.008206]   node   0: [mem 0x0000000020200000-0x000000003fffffff]
Nov 27 17:48:33 labcomputer kernel: [    0.008207]   node   0: [mem 0x0000000040200000-0x00000000ca9f6fff]
Nov 27 17:48:33 labcomputer kernel: [    0.008208]   node   0: [mem 0x00000000caa3b000-0x00000000cadb6fff]
Nov 27 17:48:33 labcomputer kernel: [    0.008209]   node   0: [mem 0x00000000cafff000-0x00000000caffffff]
Nov 27 17:48:33 labcomputer kernel: [    0.008210]   node   0: [mem 0x0000000100000000-0x000000082dffffff]
Nov 27 17:48:33 labcomputer kernel: [    0.008215] Initmem setup node 0 [mem 0x0000000000001000-0x000000082dffffff]
Nov 27 17:48:33 labcomputer kernel: [    0.008220] On node 0, zone DMA: 1 pages in unavailable ranges
Nov 27 17:48:33 labcomputer kernel: [    0.008240] On node 0, zone DMA: 102 pages in unavailable ranges
Nov 27 17:48:33 labcomputer kernel: [    0.009974] On node 0, zone DMA32: 512 pages in unavailable ranges
Nov 27 17:48:33 labcomputer kernel: [    0.014061] On node 0, zone DMA32: 512 pages in unavailable ranges
Nov 27 17:48:33 labcomputer kernel: [    0.014075] On node 0, zone DMA32: 68 pages in unavailable ranges
Nov 27 17:48:33 labcomputer kernel: [    0.014083] On node 0, zone DMA32: 584 pages in unavailable ranges
Nov 27 17:48:33 labcomputer kernel: [    0.069395] On node 0, zone Normal: 20480 pages in unavailable ranges
Nov 27 17:48:33 labcomputer kernel: [    0.069481] On node 0, zone Normal: 8192 pages in unavailable ranges
Nov 27 17:48:33 labcomputer kernel: [    0.069488] Reserving Intel graphics memory at [mem 0xcba00000-0xcf9fffff]
Nov 27 17:48:33 labcomputer kernel: [    0.069616] ACPI: PM-Timer IO Port: 0x408
Nov 27 17:48:33 labcomputer kernel: [    0.069635] IOAPIC[0]: apic_id 2, version 32, address 0xfec00000, GSI 0-23
Nov 27 17:48:33 labcomputer kernel: [    0.069639] ACPI: INT_SRC_OVR (bus 0 bus_irq 0 global_irq 2 dfl dfl)
Nov 27 17:48:33 labcomputer kernel: [    0.069641] ACPI: INT_SRC_OVR (bus 0 bus_irq 9 global_irq 9 high level)
Nov 27 17:48:33 labcomputer kernel: [    0.069646] ACPI: Using ACPI (MADT) for SMP configuration information
Nov 27 17:48:33 labcomputer kernel: [    0.069647] ACPI: HPET id: 0x8086a701 base: 0xfed00000
Nov 27 17:48:33 labcomputer kernel: [    0.069652] TSC deadline timer available
Nov 27 17:48:33 labcomputer kernel: [    0.069653] smpboot: Allowing 16 CPUs, 12 hotplug CPUs
Nov 27 17:48:33 labcomputer kernel: [    0.069671] PM: hibernation: Registered nosave memory: [mem 0x00000000-0x00000fff]
Nov 27 17:48:33 labcomputer kernel: [    0.069673] PM: hibernation: Registered nosave memory: [mem 0x0009a000-0x0009afff]
Nov 27 17:48:33 labcomputer kernel: [    0.069674] PM: hibernation: Registered nosave memory: [mem 0x0009b000-0x0009ffff]
Nov 27 17:48:33 labcomputer kernel: [    0.069675] PM: hibernation: Registered nosave memory: [mem 0x000a0000-0x000dffff]
Nov 27 17:48:33 labcomputer kernel: [    0.069676] PM: hibernation: Registered nosave memory: [mem 0x000e0000-0x000fffff]
Nov 27 17:48:33 labcomputer kernel: [    0.069677] PM: hibernation: Registered nosave memory: [mem 0x20000000-0x201fffff]
Nov 27 17:48:33 labcomputer kernel: [    0.069679] PM: hibernation: Registered nosave memory: [mem 0x40000000-0x401fffff]
Nov 27 17:48:33 labcomputer kernel: [    0.069681] PM: hibernation: Registered nosave memory: [mem 0xca9f7000-0xcaa3afff]
Nov 27 17:48:33 labcomputer kernel: [    0.069682] PM: hibernation: Registered nosave memory: [mem 0xcadb7000-0xcade6fff]
Nov 27 17:48:33 labcomputer kernel: [    0.069683] PM: hibernation: Registered nosave memory: [mem 0xcade7000-0xcafe6fff]
Nov 27 17:48:33 labcomputer kernel: [    0.069684] PM: hibernation: Registered nosave memory: [mem 0xcafe7000-0xcaffefff]
Nov 27 17:48:33 labcomputer kernel: [    0.069686] PM: hibernation: Registered nosave memory: [mem 0xcb000000-0xcb7fffff]
Nov 27 17:48:33 labcomputer kernel: [    0.069686] PM: hibernation: Registered nosave memory: [mem 0xcb800000-0xcf9fffff]
Nov 27 17:48:33 labcomputer kernel: [    0.069687] PM: hibernation: Registered nosave memory: [mem 0xcfa00000-0xfed1bfff]
Nov 27 17:48:33 labcomputer kernel: [    0.069688] PM: hibernation: Registered nosave memory: [mem 0xfed1c000-0xfed1ffff]
Nov 27 17:48:33 labcomputer kernel: [    0.069689] PM: hibernation: Registered nosave memory: [mem 0xfed20000-0xffbfffff]
Nov 27 17:48:33 labcomputer kernel: [    0.069690] PM: hibernation: Registered nosave memory: [mem 0xffc00000-0xffc1ffff]
Nov 27 17:48:33 labcomputer kernel: [    0.069690] PM: hibernation: Registered nosave memory: [mem 0xffc20000-0xffffffff]
Nov 27 17:48:33 labcomputer kernel: [    0.069692] [mem 0xcfa00000-0xfed1bfff] available for PCI devices
Nov 27 17:48:33 labcomputer kernel: [    0.069693] Booting paravirtualized kernel on bare hardware
Nov 27 17:48:33 labcomputer kernel: [    0.069696] clocksource: refined-jiffies: mask: 0xffffffff max_cycles: 0xffffffff, max_idle_ns: 7645519600211568 ns
Nov 27 17:48:33 labcomputer kernel: [    0.069704] setup_percpu: NR_CPUS:8192 nr_cpumask_bits:16 nr_cpu_ids:16 nr_node_ids:1
Nov 27 17:48:33 labcomputer kernel: [    0.070481] percpu: Embedded 62 pages/cpu s217088 r8192 d28672 u262144
Nov 27 17:48:33 labcomputer kernel: [    0.070489] pcpu-alloc: s217088 r8192 d28672 u262144 alloc=1*2097152
Nov 27 17:48:33 labcomputer kernel: [    0.070492] pcpu-alloc: [0] 00 01 02 03 04 05 06 07 [0] 08 09 10 11 12 13 14 15 
Nov 27 17:48:33 labcomputer kernel: [    0.070529] Fallback order for Node 0: 0 
Nov 27 17:48:33 labcomputer kernel: [    0.070533] Built 1 zonelists, mobility grouping on.  Total pages: 8227406
Nov 27 17:48:33 labcomputer kernel: [    0.070534] Policy zone: Normal
Nov 27 17:48:33 labcomputer kernel: [    0.070535] Kernel command line: BOOT_IMAGE=/boot/vmlinuz-6.2.0-37-generic root=UUID=ca4d0a41-5a9f-4dde-b377-787540444ed7 ro quiet splash vt.handoff=7
Nov 27 17:48:33 labcomputer kernel: [    0.070617] Unknown kernel command line parameters "splash BOOT_IMAGE=/boot/vmlinuz-6.2.0-37-generic", will be passed to user space.
Nov 27 17:48:33 labcomputer kernel: [    0.074421] Dentry cache hash table entries: 4194304 (order: 13, 33554432 bytes, linear)
Nov 27 17:48:33 labcomputer kernel: [    0.076310] Inode-cache hash table entries: 2097152 (order: 12, 16777216 bytes, linear)
Nov 27 17:48:33 labcomputer kernel: [    0.076596] mem auto-init: stack:off, heap alloc:on, heap free:off
Nov 27 17:48:33 labcomputer kernel: [    0.076606] software IO TLB: area num 16.
Nov 27 17:48:33 labcomputer kernel: [    0.178976] Memory: 32658532K/33432628K available (20480K kernel code, 4153K rwdata, 12732K rodata, 4768K init, 17536K bss, 773836K reserved, 0K cma-reserved)
Nov 27 17:48:33 labcomputer kernel: [    0.179300] SLUB: HWalign=64, Order=0-3, MinObjects=0, CPUs=16, Nodes=1
Nov 27 17:48:33 labcomputer kernel: [    0.179320] Kernel/User page tables isolation: enabled
Nov 27 17:48:33 labcomputer kernel: [    0.179367] ftrace: allocating 53440 entries in 209 pages
Nov 27 17:48:33 labcomputer kernel: [    0.188418] ftrace: allocated 209 pages with 4 groups
Nov 27 17:48:33 labcomputer kernel: [    0.189192] Dynamic Preempt: voluntary
Nov 27 17:48:33 labcomputer kernel: [    0.189250] rcu: Preemptible hierarchical RCU implementation.
Nov 27 17:48:33 labcomputer kernel: [    0.189250] rcu: 	RCU restricting CPUs from NR_CPUS=8192 to nr_cpu_ids=16.
Nov 27 17:48:33 labcomputer kernel: [    0.189252] 	Trampoline variant of Tasks RCU enabled.
Nov 27 17:48:33 labcomputer kernel: [    0.189252] 	Rude variant of Tasks RCU enabled.
Nov 27 17:48:33 labcomputer kernel: [    0.189253] 	Tracing variant of Tasks RCU enabled.
Nov 27 17:48:33 labcomputer kernel: [    0.189254] rcu: RCU calculated value of scheduler-enlistment delay is 25 jiffies.
Nov 27 17:48:33 labcomputer kernel: [    0.189254] rcu: Adjusting geometry for rcu_fanout_leaf=16, nr_cpu_ids=16
Nov 27 17:48:33 labcomputer kernel: [    0.192464] NR_IRQS: 524544, nr_irqs: 552, preallocated irqs: 16
Nov 27 17:48:33 labcomputer kernel: [    0.192655] rcu: srcu_init: Setting srcu_struct sizes based on contention.
Nov 27 17:48:33 labcomputer kernel: [    0.192735] Console: colour dummy device 80x25
Nov 27 17:48:33 labcomputer kernel: [    0.192738] printk: console [tty0] enabled
Nov 27 17:48:33 labcomputer kernel: [    0.192812] ACPI: Core revision 20221020
Nov 27 17:48:33 labcomputer kernel: [    0.192913] clocksource: hpet: mask: 0xffffffff max_cycles: 0xffffffff, max_idle_ns: 133484882848 ns
Nov 27 17:48:33 labcomputer kernel: [    0.192930] APIC: Switch to symmetric I/O mode setup
Nov 27 17:48:33 labcomputer kernel: [    0.192932] DMAR: Host address width 36
Nov 27 17:48:33 labcomputer kernel: [    0.192933] DMAR: DRHD base: 0x000000fed90000 flags: 0x0
Nov 27 17:48:33 labcomputer kernel: [    0.192939] DMAR: dmar0: reg_base_addr fed90000 ver 1:0 cap c0000020e60262 ecap f0101a
Nov 27 17:48:33 labcomputer kernel: [    0.192941] DMAR: DRHD base: 0x000000fed91000 flags: 0x1
Nov 27 17:48:33 labcomputer kernel: [    0.192944] DMAR: dmar1: reg_base_addr fed91000 ver 1:0 cap c9008020660262 ecap f0105a
Nov 27 17:48:33 labcomputer kernel: [    0.192946] DMAR: RMRR base: 0x000000cadc6000 end: 0x000000cadd5fff
Nov 27 17:48:33 labcomputer kernel: [    0.192948] DMAR: RMRR base: 0x000000cb800000 end: 0x000000cf9fffff
Nov 27 17:48:33 labcomputer kernel: [    0.192950] DMAR-IR: IOAPIC id 2 under DRHD base  0xfed91000 IOMMU 1
Nov 27 17:48:33 labcomputer kernel: [    0.192952] DMAR-IR: HPET id 0 under DRHD base 0xfed91000
Nov 27 17:48:33 labcomputer kernel: [    0.192953] DMAR-IR: Queued invalidation will be enabled to support x2apic and Intr-remapping.
Nov 27 17:48:33 labcomputer kernel: [    0.193440] DMAR-IR: Enabled IRQ remapping in x2apic mode
Nov 27 17:48:33 labcomputer kernel: [    0.193443] x2apic enabled
Nov 27 17:48:33 labcomputer kernel: [    0.193451] Switched APIC routing to cluster x2apic.
Nov 27 17:48:33 labcomputer kernel: [    0.194104] ..TIMER: vector=0x30 apic1=0 pin1=2 apic2=-1 pin2=-1
Nov 27 17:48:33 labcomputer kernel: [    0.212931] clocksource: tsc-early: mask: 0xffffffffffffffff max_cycles: 0x2c9518486a4, max_idle_ns: 440795271221 ns
Nov 27 17:48:33 labcomputer kernel: [    0.212939] Calibrating delay loop (skipped), value calculated using timer frequency.. 6185.80 BogoMIPS (lpj=12371616)
Nov 27 17:48:33 labcomputer kernel: [    0.212962] CPU0: Thermal monitoring enabled (TM1)
Nov 27 17:48:33 labcomputer kernel: [    0.212984] process: using mwait in idle threads
Nov 27 17:48:33 labcomputer kernel: [    0.212987] Last level iTLB entries: 4KB 512, 2MB 8, 4MB 8
Nov 27 17:48:33 labcomputer kernel: [    0.212988] Last level dTLB entries: 4KB 512, 2MB 32, 4MB 32, 1GB 0
Nov 27 17:48:33 labcomputer kernel: [    0.212991] Spectre V1 : Mitigation: usercopy/swapgs barriers and __user pointer sanitization
Nov 27 17:48:33 labcomputer kernel: [    0.212994] Spectre V2 : Mitigation: Retpolines
Nov 27 17:48:33 labcomputer kernel: [    0.212995] Spectre V2 : Spectre v2 / SpectreRSB mitigation: Filling RSB on context switch
Nov 27 17:48:33 labcomputer kernel: [    0.212996] Spectre V2 : Spectre v2 / SpectreRSB : Filling RSB on VMEXIT
Nov 27 17:48:33 labcomputer kernel: [    0.212996] Spectre V2 : Enabling Restricted Speculation for firmware calls
Nov 27 17:48:33 labcomputer kernel: [    0.212998] Spectre V2 : mitigation: Enabling conditional Indirect Branch Prediction Barrier
Nov 27 17:48:33 labcomputer kernel: [    0.213000] Speculative Store Bypass: Mitigation: Speculative Store Bypass disabled via prctl
Nov 27 17:48:33 labcomputer kernel: [    0.213003] MDS: Mitigation: Clear CPU buffers
Nov 27 17:48:33 labcomputer kernel: [    0.213004] MMIO Stale Data: Unknown: No mitigations
Nov 27 17:48:33 labcomputer kernel: [    0.213009] x86/fpu: Supporting XSAVE feature 0x001: 'x87 floating point registers'
Nov 27 17:48:33 labcomputer kernel: [    0.213010] x86/fpu: Supporting XSAVE feature 0x002: 'SSE registers'
Nov 27 17:48:33 labcomputer kernel: [    0.213011] x86/fpu: Supporting XSAVE feature 0x004: 'AVX registers'
Nov 27 17:48:33 labcomputer kernel: [    0.213013] x86/fpu: xstate_offset[2]:  576, xstate_sizes[2]:  256
Nov 27 17:48:33 labcomputer kernel: [    0.213014] x86/fpu: Enabled xstate features 0x7, context size is 832 bytes, using 'standard' format.
Nov 27 17:48:33 labcomputer kernel: [    0.233098] Freeing SMP alternatives memory: 44K
Nov 27 17:48:33 labcomputer kernel: [    0.233105] pid_max: default: 32768 minimum: 301
Nov 27 17:48:33 labcomputer kernel: [    0.233186] LSM: initializing lsm=lockdown,capability,landlock,yama,integrity,apparmor
Nov 27 17:48:33 labcomputer kernel: [    0.233205] landlock: Up and running.
Nov 27 17:48:33 labcomputer kernel: [    0.233206] Yama: becoming mindful.
Nov 27 17:48:33 labcomputer kernel: [    0.233255] AppArmor: AppArmor initialized
Nov 27 17:48:33 labcomputer kernel: [    0.233342] Mount-cache hash table entries: 65536 (order: 7, 524288 bytes, linear)
Nov 27 17:48:33 labcomputer kernel: [    0.233380] Mountpoint-cache hash table entries: 65536 (order: 7, 524288 bytes, linear)
Nov 27 17:48:33 labcomputer kernel: [    0.233892] smpboot: CPU0: Intel(R) Core(TM) i5-2400 CPU @ 3.10GHz (family: 0x6, model: 0x2a, stepping: 0x7)
Nov 27 17:48:33 labcomputer kernel: [    0.234049] cblist_init_generic: Setting adjustable number of callback queues.
Nov 27 17:48:33 labcomputer kernel: [    0.234051] cblist_init_generic: Setting shift to 4 and lim to 1.
Nov 27 17:48:33 labcomputer kernel: [    0.234075] cblist_init_generic: Setting adjustable number of callback queues.
Nov 27 17:48:33 labcomputer kernel: [    0.234076] cblist_init_generic: Setting shift to 4 and lim to 1.
Nov 27 17:48:33 labcomputer kernel: [    0.234095] cblist_init_generic: Setting adjustable number of callback queues.
Nov 27 17:48:33 labcomputer kernel: [    0.234096] cblist_init_generic: Setting shift to 4 and lim to 1.
Nov 27 17:48:33 labcomputer kernel: [    0.234112] Performance Events: PEBS fmt1+, SandyBridge events, 16-deep LBR, full-width counters, Intel PMU driver.
Nov 27 17:48:33 labcomputer kernel: [    0.234131] ... version:                3
Nov 27 17:48:33 labcomputer kernel: [    0.234132] ... bit width:              48
Nov 27 17:48:33 labcomputer kernel: [    0.234133] ... generic registers:      8
Nov 27 17:48:33 labcomputer kernel: [    0.234134] ... value mask:             0000ffffffffffff
Nov 27 17:48:33 labcomputer kernel: [    0.234135] ... max period:             00007fffffffffff
Nov 27 17:48:33 labcomputer kernel: [    0.234136] ... fixed-purpose events:   3
Nov 27 17:48:33 labcomputer kernel: [    0.234137] ... event mask:             00000007000000ff
Nov 27 17:48:33 labcomputer kernel: [    0.234294] signal: max sigframe size: 1776
Nov 27 17:48:33 labcomputer kernel: [    0.234312] Estimated ratio of average max frequency by base frequency (times 1024): 1057
Nov 27 17:48:33 labcomputer kernel: [    0.234337] rcu: Hierarchical SRCU implementation.
Nov 27 17:48:33 labcomputer kernel: [    0.234338] rcu: 	Max phase no-delay instances is 1000.
Nov 27 17:48:33 labcomputer kernel: [    0.235322] NMI watchdog: Enabled. Permanently consumes one hw-PMU counter.
Nov 27 17:48:33 labcomputer kernel: [    0.235523] smp: Bringing up secondary CPUs ...
Nov 27 17:48:33 labcomputer kernel: [    0.235653] x86: Booting SMP configuration:
Nov 27 17:48:33 labcomputer kernel: [    0.235655] .... node  #0, CPUs:        #1  #2  #3
Nov 27 17:48:33 labcomputer kernel: [    0.243070] smp: Brought up 1 node, 4 CPUs
Nov 27 17:48:33 labcomputer kernel: [    0.243070] smpboot: Max logical packages: 4
Nov 27 17:48:33 labcomputer kernel: [    0.243070] smpboot: Total of 4 processors activated (24743.23 BogoMIPS)
Nov 27 17:48:33 labcomputer kernel: [    0.246306] devtmpfs: initialized
Nov 27 17:48:33 labcomputer kernel: [    0.246306] x86/mm: Memory block size: 128MB
Nov 27 17:48:33 labcomputer kernel: [    0.249558] ACPI: PM: Registering ACPI NVS region [mem 0xcade7000-0xcafe6fff] (2097152 bytes)
Nov 27 17:48:33 labcomputer kernel: [    0.249558] reboot: Dell OptiPlex 790 series board detected. Selecting PCI-method for reboots.
Nov 27 17:48:33 labcomputer kernel: [    0.249558] clocksource: jiffies: mask: 0xffffffff max_cycles: 0xffffffff, max_idle_ns: 7645041785100000 ns
Nov 27 17:48:33 labcomputer kernel: [    0.249558] futex hash table entries: 4096 (order: 6, 262144 bytes, linear)
Nov 27 17:48:33 labcomputer kernel: [    0.249558] pinctrl core: initialized pinctrl subsystem
Nov 27 17:48:33 labcomputer kernel: [    0.249558] PM: RTC time: 00:48:20, date: 2023-11-28
Nov 27 17:48:33 labcomputer kernel: [    0.249771] NET: Registered PF_NETLINK/PF_ROUTE protocol family
Nov 27 17:48:33 labcomputer kernel: [    0.250186] DMA: preallocated 4096 KiB GFP_KERNEL pool for atomic allocations
Nov 27 17:48:33 labcomputer kernel: [    0.250494] DMA: preallocated 4096 KiB GFP_KERNEL|GFP_DMA pool for atomic allocations
Nov 27 17:48:33 labcomputer kernel: [    0.250834] DMA: preallocated 4096 KiB GFP_KERNEL|GFP_DMA32 pool for atomic allocations
Nov 27 17:48:33 labcomputer kernel: [    0.250856] audit: initializing netlink subsys (disabled)
Nov 27 17:48:33 labcomputer kernel: [    0.250878] audit: type=2000 audit(1701132500.056:1): state=initialized audit_enabled=0 res=1
Nov 27 17:48:33 labcomputer kernel: [    0.250878] thermal_sys: Registered thermal governor 'fair_share'
Nov 27 17:48:33 labcomputer kernel: [    0.250878] thermal_sys: Registered thermal governor 'bang_bang'
Nov 27 17:48:33 labcomputer kernel: [    0.250878] thermal_sys: Registered thermal governor 'step_wise'
Nov 27 17:48:33 labcomputer kernel: [    0.250878] thermal_sys: Registered thermal governor 'user_space'
Nov 27 17:48:33 labcomputer kernel: [    0.250878] thermal_sys: Registered thermal governor 'power_allocator'
Nov 27 17:48:33 labcomputer kernel: [    0.250878] EISA bus registered
Nov 27 17:48:33 labcomputer kernel: [    0.250878] cpuidle: using governor ladder
Nov 27 17:48:33 labcomputer kernel: [    0.250878] cpuidle: using governor menu
Nov 27 17:48:33 labcomputer kernel: [    0.250878] Simple Boot Flag at 0xf3 set to 0x1
Nov 27 17:48:33 labcomputer kernel: [    0.250878] ACPI FADT declares the system doesn't support PCIe ASPM, so disable it
Nov 27 17:48:33 labcomputer kernel: [    0.250878] acpiphp: ACPI Hot Plug PCI Controller Driver version: 0.5
Nov 27 17:48:33 labcomputer kernel: [    0.250878] PCI: MMCONFIG for domain 0000 [bus 00-3f] at [mem 0xf8000000-0xfbffffff] (base 0xf8000000)
Nov 27 17:48:33 labcomputer kernel: [    0.250878] PCI: not using MMCONFIG
Nov 27 17:48:33 labcomputer kernel: [    0.250878] PCI: Using configuration type 1 for base access
Nov 27 17:48:33 labcomputer kernel: [    0.250878] core: PMU erratum BJ122, BV98, HSD29 workaround disabled, HT off
Nov 27 17:48:33 labcomputer kernel: [    0.250878] ENERGY_PERF_BIAS: Set to 'normal', was 'performance'
Nov 27 17:48:33 labcomputer kernel: [    0.250878] mtrr: your CPUs had inconsistent fixed MTRR settings
Nov 27 17:48:33 labcomputer kernel: [    0.250878] mtrr: probably your BIOS does not setup all CPUs.
Nov 27 17:48:33 labcomputer kernel: [    0.250878] mtrr: corrected configuration.
Nov 27 17:48:33 labcomputer kernel: [    0.250878] kprobes: kprobe jump-optimization is enabled. All kprobes are optimized if possible.
Nov 27 17:48:33 labcomputer kernel: [    0.250878] HugeTLB: registered 2.00 MiB page size, pre-allocated 0 pages
Nov 27 17:48:33 labcomputer kernel: [    0.250878] HugeTLB: 28 KiB vmemmap can be freed for a 2.00 MiB page
Nov 27 17:48:33 labcomputer kernel: [    0.253022] ACPI: Added _OSI(Module Device)
Nov 27 17:48:33 labcomputer kernel: [    0.253025] ACPI: Added _OSI(Processor Device)
Nov 27 17:48:33 labcomputer kernel: [    0.253026] ACPI: Added _OSI(3.0 _SCP Extensions)
Nov 27 17:48:33 labcomputer kernel: [    0.253027] ACPI: Added _OSI(Processor Aggregator Device)
Nov 27 17:48:33 labcomputer kernel: [    0.258562] ACPI: 4 ACPI AML tables successfully acquired and loaded
Nov 27 17:48:33 labcomputer kernel: [    0.259451] ACPI: [Firmware Bug]: BIOS _OSI(Linux) query ignored
Nov 27 17:48:33 labcomputer kernel: [    0.281984] ACPI: Dynamic OEM Table Load:
Nov 27 17:48:33 labcomputer kernel: [    0.281984] ACPI: SSDT 0xFFFF9400C15FD800 000727 (v01 PmRef  Cpu0Cst  00003001 INTL 20090903)
Nov 27 17:48:33 labcomputer kernel: [    0.282030] ACPI: Dynamic OEM Table Load:
Nov 27 17:48:33 labcomputer kernel: [    0.282036] ACPI: SSDT 0xFFFF9400C0FA0000 000303 (v01 PmRef  ApIst    00003000 INTL 20090903)
Nov 27 17:48:33 labcomputer kernel: [    0.282532] ACPI: Dynamic OEM Table Load:
Nov 27 17:48:33 labcomputer kernel: [    0.282537] ACPI: SSDT 0xFFFF9400C15A4E00 000119 (v01 PmRef  ApCst    00003000 INTL 20090903)
Nov 27 17:48:33 labcomputer kernel: [    0.283586] ACPI: Interpreter enabled
Nov 27 17:48:33 labcomputer kernel: [    0.283605] ACPI: PM: (supports S0 S3 S4 S5)
Nov 27 17:48:33 labcomputer kernel: [    0.283606] ACPI: Using IOAPIC for interrupt routing
Nov 27 17:48:33 labcomputer kernel: [    0.285157] PCI: MMCONFIG for domain 0000 [bus 00-3f] at [mem 0xf8000000-0xfbffffff] (base 0xf8000000)
Nov 27 17:48:33 labcomputer kernel: [    0.285564] PCI: MMCONFIG at [mem 0xf8000000-0xfbffffff] reserved as ACPI motherboard resource
Nov 27 17:48:33 labcomputer kernel: [    0.285570] pmd_set_huge: Cannot satisfy [mem 0xf8000000-0xf8200000] with a huge-page mapping due to MTRR override.
Nov 27 17:48:33 labcomputer kernel: [    0.285638] PCI: Using host bridge windows from ACPI; if necessary, use "pci=nocrs" and report a bug
Nov 27 17:48:33 labcomputer kernel: [    0.285640] PCI: Using E820 reservations for host bridge windows
Nov 27 17:48:33 labcomputer kernel: [    0.285803] ACPI: Enabled 5 GPEs in block 00 to 3F
Nov 27 17:48:33 labcomputer kernel: [    0.292537] ACPI: PCI Root Bridge [PCI0] (domain 0000 [bus 00-3e])
Nov 27 17:48:33 labcomputer kernel: [    0.292544] acpi PNP0A08:00: _OSC: OS supports [ExtendedConfig ASPM ClockPM Segments MSI EDR HPX-Type3]
Nov 27 17:48:33 labcomputer kernel: [    0.292591] acpi PNP0A08:00: _OSC: OS requested [PCIeHotplug SHPCHotplug PME AER PCIeCapability LTR DPC]
Nov 27 17:48:33 labcomputer kernel: [    0.292593] acpi PNP0A08:00: _OSC: platform willing to grant [PCIeHotplug SHPCHotplug PME AER PCIeCapability LTR DPC]
Nov 27 17:48:33 labcomputer kernel: [    0.292595] acpi PNP0A08:00: _OSC: platform retains control of PCIe features (AE_ERROR)
Nov 27 17:48:33 labcomputer kernel: [    0.293244] PCI host bridge to bus 0000:00
Nov 27 17:48:33 labcomputer kernel: [    0.293247] pci_bus 0000:00: root bus resource [io  0x0000-0x0cf7 window]
Nov 27 17:48:33 labcomputer kernel: [    0.293249] pci_bus 0000:00: root bus resource [io  0x0d00-0xffff window]
Nov 27 17:48:33 labcomputer kernel: [    0.293250] pci_bus 0000:00: root bus resource [mem 0x000a0000-0x000bffff window]
Nov 27 17:48:33 labcomputer kernel: [    0.293252] pci_bus 0000:00: root bus resource [mem 0xcfa00000-0xfeafffff window]
Nov 27 17:48:33 labcomputer kernel: [    0.293254] pci_bus 0000:00: root bus resource [bus 00-3e]
Nov 27 17:48:33 labcomputer kernel: [    0.293269] pci 0000:00:00.0: [8086:0100] type 00 class 0x060000
Nov 27 17:48:33 labcomputer kernel: [    0.293338] pci 0000:00:02.0: [8086:0102] type 00 class 0x030000
Nov 27 17:48:33 labcomputer kernel: [    0.293346] pci 0000:00:02.0: reg 0x10: [mem 0xe0c00000-0xe0ffffff 64bit]
Nov 27 17:48:33 labcomputer kernel: [    0.293351] pci 0000:00:02.0: reg 0x18: [mem 0xd0000000-0xdfffffff 64bit pref]
Nov 27 17:48:33 labcomputer kernel: [    0.293355] pci 0000:00:02.0: reg 0x20: [io  0x3000-0x303f]
Nov 27 17:48:33 labcomputer kernel: [    0.293367] pci 0000:00:02.0: Video device with shadowed ROM at [mem 0x000c0000-0x000dffff]
Nov 27 17:48:33 labcomputer kernel: [    0.293474] pci 0000:00:16.0: [8086:1c3a] type 00 class 0x078000
Nov 27 17:48:33 labcomputer kernel: [    0.293494] pci 0000:00:16.0: reg 0x10: [mem 0xe1ab0000-0xe1ab000f 64bit]
Nov 27 17:48:33 labcomputer kernel: [    0.293567] pci 0000:00:16.0: PME# supported from D0 D3hot D3cold
Nov 27 17:48:33 labcomputer kernel: [    0.293626] pci 0000:00:16.3: [8086:1c3d] type 00 class 0x070002
Nov 27 17:48:33 labcomputer kernel: [    0.293642] pci 0000:00:16.3: reg 0x10: [io  0x30e0-0x30e7]
Nov 27 17:48:33 labcomputer kernel: [    0.293652] pci 0000:00:16.3: reg 0x14: [mem 0xe1a90000-0xe1a90fff]
Nov 27 17:48:33 labcomputer kernel: [    0.293773] pci 0000:00:19.0: [8086:1502] type 00 class 0x020000
Nov 27 17:48:33 labcomputer kernel: [    0.293786] pci 0000:00:19.0: reg 0x10: [mem 0xe1a00000-0xe1a1ffff]
Nov 27 17:48:33 labcomputer kernel: [    0.293795] pci 0000:00:19.0: reg 0x14: [mem 0xe1a80000-0xe1a80fff]
Nov 27 17:48:33 labcomputer kernel: [    0.293803] pci 0000:00:19.0: reg 0x18: [io  0x3080-0x309f]
Nov 27 17:48:33 labcomputer kernel: [    0.293860] pci 0000:00:19.0: PME# supported from D0 D3hot D3cold
Nov 27 17:48:33 labcomputer kernel: [    0.293944] pci 0000:00:1a.0: [8086:1c2d] type 00 class 0x0c0320
Nov 27 17:48:33 labcomputer kernel: [    0.293961] pci 0000:00:1a.0: reg 0x10: [mem 0xe1a70000-0xe1a703ff]
Nov 27 17:48:33 labcomputer kernel: [    0.294043] pci 0000:00:1a.0: PME# supported from D0 D3hot D3cold
Nov 27 17:48:33 labcomputer kernel: [    0.294138] pci 0000:00:1b.0: [8086:1c20] type 00 class 0x040300
Nov 27 17:48:33 labcomputer kernel: [    0.294155] pci 0000:00:1b.0: reg 0x10: [mem 0xe1a60000-0xe1a63fff 64bit]
Nov 27 17:48:33 labcomputer kernel: [    0.294231] pci 0000:00:1b.0: PME# supported from D0 D3hot D3cold
Nov 27 17:48:33 labcomputer kernel: [    0.294349] pci 0000:00:1c.0: [8086:1c10] type 01 class 0x060400
Nov 27 17:48:33 labcomputer kernel: [    0.294501] pci 0000:00:1c.0: PME# supported from D0 D3hot D3cold
Nov 27 17:48:33 labcomputer kernel: [    0.294644] pci 0000:00:1c.2: [8086:1c14] type 01 class 0x060400
Nov 27 17:48:33 labcomputer kernel: [    0.294796] pci 0000:00:1c.2: PME# supported from D0 D3hot D3cold
Nov 27 17:48:33 labcomputer kernel: [    0.294922] pci 0000:00:1d.0: [8086:1c26] type 00 class 0x0c0320
Nov 27 17:48:33 labcomputer kernel: [    0.294938] pci 0000:00:1d.0: reg 0x10: [mem 0xe1a50000-0xe1a503ff]
Nov 27 17:48:33 labcomputer kernel: [    0.295020] pci 0000:00:1d.0: PME# supported from D0 D3hot D3cold
Nov 27 17:48:33 labcomputer kernel: [    0.295107] pci 0000:00:1e.0: [8086:244e] type 01 class 0x060401
Nov 27 17:48:33 labcomputer kernel: [    0.295232] pci 0000:00:1f.0: [8086:1c4c] type 00 class 0x060100
Nov 27 17:48:33 labcomputer kernel: [    0.295425] pci 0000:00:1f.2: [8086:1c02] type 00 class 0x010601
Nov 27 17:48:33 labcomputer kernel: [    0.295438] pci 0000:00:1f.2: reg 0x10: [io  0x30d0-0x30d7]
Nov 27 17:48:33 labcomputer kernel: [    0.295446] pci 0000:00:1f.2: reg 0x14: [io  0x30c0-0x30c3]
Nov 27 17:48:33 labcomputer kernel: [    0.295453] pci 0000:00:1f.2: reg 0x18: [io  0x30b0-0x30b7]
Nov 27 17:48:33 labcomputer kernel: [    0.295460] pci 0000:00:1f.2: reg 0x1c: [io  0x30a0-0x30a3]
Nov 27 17:48:33 labcomputer kernel: [    0.295467] pci 0000:00:1f.2: reg 0x20: [io  0x3060-0x307f]
Nov 27 17:48:33 labcomputer kernel: [    0.295475] pci 0000:00:1f.2: reg 0x24: [mem 0xe1a40000-0xe1a407ff]
Nov 27 17:48:33 labcomputer kernel: [    0.295514] pci 0000:00:1f.2: PME# supported from D3hot
Nov 27 17:48:33 labcomputer kernel: [    0.295588] pci 0000:00:1f.3: [8086:1c22] type 00 class 0x0c0500
Nov 27 17:48:33 labcomputer kernel: [    0.295605] pci 0000:00:1f.3: reg 0x10: [mem 0xe1a30000-0xe1a300ff 64bit]
Nov 27 17:48:33 labcomputer kernel: [    0.295624] pci 0000:00:1f.3: reg 0x20: [io  0x3040-0x305f]
Nov 27 17:48:33 labcomputer kernel: [    0.295775] pci 0000:00:1c.0: PCI bridge to [bus 01]
Nov 27 17:48:33 labcomputer kernel: [    0.295855] pci 0000:00:1c.2: PCI bridge to [bus 02]
Nov 27 17:48:33 labcomputer kernel: [    0.295860] pci 0000:00:1c.2:   bridge window [io  0x2000-0x2fff]
Nov 27 17:48:33 labcomputer kernel: [    0.295865] pci 0000:00:1c.2:   bridge window [mem 0xe1000000-0xe19fffff]
Nov 27 17:48:33 labcomputer kernel: [    0.295873] pci 0000:00:1c.2:   bridge window [mem 0xe0000000-0xe09fffff 64bit pref]
Nov 27 17:48:33 labcomputer kernel: [    0.295890] pci_bus 0000:03: extended config space not accessible
Nov 27 17:48:33 labcomputer kernel: [    0.295940] pci 0000:00:1e.0: PCI bridge to [bus 03] (subtractive decode)
Nov 27 17:48:33 labcomputer kernel: [    0.295949] pci 0000:00:1e.0:   bridge window [io  0x0000-0x0cf7 window] (subtractive decode)
Nov 27 17:48:33 labcomputer kernel: [    0.295951] pci 0000:00:1e.0:   bridge window [io  0x0d00-0xffff window] (subtractive decode)
Nov 27 17:48:33 labcomputer kernel: [    0.295953] pci 0000:00:1e.0:   bridge window [mem 0x000a0000-0x000bffff window] (subtractive decode)
Nov 27 17:48:33 labcomputer kernel: [    0.295954] pci 0000:00:1e.0:   bridge window [mem 0xcfa00000-0xfeafffff window] (subtractive decode)
Nov 27 17:48:33 labcomputer kernel: [    0.296541] ACPI: PCI: Interrupt link LNKA configured for IRQ 11
Nov 27 17:48:33 labcomputer kernel: [    0.296602] ACPI: PCI: Interrupt link LNKB configured for IRQ 10
Nov 27 17:48:33 labcomputer kernel: [    0.296662] ACPI: PCI: Interrupt link LNKC configured for IRQ 11
Nov 27 17:48:33 labcomputer kernel: [    0.296722] ACPI: PCI: Interrupt link LNKD configured for IRQ 0
Nov 27 17:48:33 labcomputer kernel: [    0.296723] ACPI: PCI: Interrupt link LNKD disabled
Nov 27 17:48:33 labcomputer kernel: [    0.296782] ACPI: PCI: Interrupt link LNKE configured for IRQ 5
Nov 27 17:48:33 labcomputer kernel: [    0.296841] ACPI: PCI: Interrupt link LNKF configured for IRQ 0
Nov 27 17:48:33 labcomputer kernel: [    0.296842] ACPI: PCI: Interrupt link LNKF disabled
Nov 27 17:48:33 labcomputer kernel: [    0.296901] ACPI: PCI: Interrupt link LNKG configured for IRQ 3
Nov 27 17:48:33 labcomputer kernel: [    0.296975] ACPI: PCI: Interrupt link LNKH configured for IRQ 0
Nov 27 17:48:33 labcomputer kernel: [    0.296977] ACPI: PCI: Interrupt link LNKH disabled
Nov 27 17:48:33 labcomputer kernel: [    0.297123] iommu: Default domain type: Translated 
Nov 27 17:48:33 labcomputer kernel: [    0.297123] iommu: DMA domain TLB invalidation policy: lazy mode 
Nov 27 17:48:33 labcomputer kernel: [    0.297143] SCSI subsystem initialized
Nov 27 17:48:33 labcomputer kernel: [    0.297156] libata version 3.00 loaded.
Nov 27 17:48:33 labcomputer kernel: [    0.297156] ACPI: bus type USB registered
Nov 27 17:48:33 labcomputer kernel: [    0.297156] usbcore: registered new interface driver usbfs
Nov 27 17:48:33 labcomputer kernel: [    0.297156] usbcore: registered new interface driver hub
Nov 27 17:48:33 labcomputer kernel: [    0.297156] usbcore: registered new device driver usb
Nov 27 17:48:33 labcomputer kernel: [    0.297156] pps_core: LinuxPPS API ver. 1 registered
Nov 27 17:48:33 labcomputer kernel: [    0.297156] pps_core: Software ver. 5.3.6 - Copyright 2005-2007 Rodolfo Giometti <giometti@linux.it>
Nov 27 17:48:33 labcomputer kernel: [    0.297156] PTP clock support registered
Nov 27 17:48:33 labcomputer kernel: [    0.297156] EDAC MC: Ver: 3.0.0
Nov 27 17:48:33 labcomputer kernel: [    0.297160] NetLabel: Initializing
Nov 27 17:48:33 labcomputer kernel: [    0.297162] NetLabel:  domain hash size = 128
Nov 27 17:48:33 labcomputer kernel: [    0.297163] NetLabel:  protocols = UNLABELED CIPSOv4 CALIPSO
Nov 27 17:48:33 labcomputer kernel: [    0.297181] NetLabel:  unlabeled traffic allowed by default
Nov 27 17:48:33 labcomputer kernel: [    0.297199] mctp: management component transport protocol core
Nov 27 17:48:33 labcomputer kernel: [    0.297199] NET: Registered PF_MCTP protocol family
Nov 27 17:48:33 labcomputer kernel: [    0.297199] PCI: Using ACPI for IRQ routing
Nov 27 17:48:33 labcomputer kernel: [    0.298350] PCI: pci_cache_line_size set to 64 bytes
Nov 27 17:48:33 labcomputer kernel: [    0.298387] e820: reserve RAM buffer [mem 0x0009ac00-0x0009ffff]
Nov 27 17:48:33 labcomputer kernel: [    0.298389] e820: reserve RAM buffer [mem 0xca9f7000-0xcbffffff]
Nov 27 17:48:33 labcomputer kernel: [    0.298391] e820: reserve RAM buffer [mem 0xcadb7000-0xcbffffff]
Nov 27 17:48:33 labcomputer kernel: [    0.298392] e820: reserve RAM buffer [mem 0xcb000000-0xcbffffff]
Nov 27 17:48:33 labcomputer kernel: [    0.298393] e820: reserve RAM buffer [mem 0x82e000000-0x82fffffff]
Nov 27 17:48:33 labcomputer kernel: [    0.298408] pci 0000:00:02.0: vgaarb: setting as boot VGA device
Nov 27 17:48:33 labcomputer kernel: [    0.298408] pci 0000:00:02.0: vgaarb: bridge control possible
Nov 27 17:48:33 labcomputer kernel: [    0.298408] pci 0000:00:02.0: vgaarb: VGA device added: decodes=io+mem,owns=io+mem,locks=none
Nov 27 17:48:33 labcomputer kernel: [    0.298408] vgaarb: loaded
Nov 27 17:48:33 labcomputer kernel: [    0.298408] hpet0: at MMIO 0xfed00000, IRQs 2, 8, 0, 0, 0, 0, 0, 0
Nov 27 17:48:33 labcomputer kernel: [    0.298408] hpet0: 8 comparators, 64-bit 14.318180 MHz counter
Nov 27 17:48:33 labcomputer kernel: [    0.300995] clocksource: Switched to clocksource tsc-early
Nov 27 17:48:33 labcomputer kernel: [    0.314536] VFS: Disk quotas dquot_6.6.0
Nov 27 17:48:33 labcomputer kernel: [    0.314560] VFS: Dquot-cache hash table entries: 512 (order 0, 4096 bytes)
Nov 27 17:48:33 labcomputer kernel: [    0.314711] AppArmor: AppArmor Filesystem Enabled
Nov 27 17:48:33 labcomputer kernel: [    0.314734] pnp: PnP ACPI init
Nov 27 17:48:33 labcomputer kernel: [    0.314921] system 00:00: [io  0x0680-0x069f] has been reserved
Nov 27 17:48:33 labcomputer kernel: [    0.314925] system 00:00: [io  0xffff] has been reserved
Nov 27 17:48:33 labcomputer kernel: [    0.314927] system 00:00: [io  0xffff] has been reserved
Nov 27 17:48:33 labcomputer kernel: [    0.314929] system 00:00: [io  0xffff] has been reserved
Nov 27 17:48:33 labcomputer kernel: [    0.314930] system 00:00: [io  0x0400-0x0453] has been reserved
Nov 27 17:48:33 labcomputer kernel: [    0.314932] system 00:00: [io  0x0458-0x047f] has been reserved
Nov 27 17:48:33 labcomputer kernel: [    0.314934] system 00:00: [io  0x0500-0x057f] has been reserved
Nov 27 17:48:33 labcomputer kernel: [    0.314935] system 00:00: [io  0x164e-0x164f] has been reserved
Nov 27 17:48:33 labcomputer kernel: [    0.315025] system 00:02: [io  0x0454-0x0457] has been reserved
Nov 27 17:48:33 labcomputer kernel: [    0.315578] system 00:04: [mem 0xfed1c000-0xfed1ffff] has been reserved
Nov 27 17:48:33 labcomputer kernel: [    0.315581] system 00:04: [mem 0xfed10000-0xfed17fff] has been reserved
Nov 27 17:48:33 labcomputer kernel: [    0.315582] system 00:04: [mem 0xfed18000-0xfed18fff] has been reserved
Nov 27 17:48:33 labcomputer kernel: [    0.315584] system 00:04: [mem 0xfed19000-0xfed19fff] has been reserved
Nov 27 17:48:33 labcomputer kernel: [    0.315586] system 00:04: [mem 0xf8000000-0xfbffffff] has been reserved
Nov 27 17:48:33 labcomputer kernel: [    0.315587] system 00:04: [mem 0xfed20000-0xfed3ffff] has been reserved
Nov 27 17:48:33 labcomputer kernel: [    0.315589] system 00:04: [mem 0xfed90000-0xfed93fff] could not be reserved
Nov 27 17:48:33 labcomputer kernel: [    0.315591] system 00:04: [mem 0xfed45000-0xfed8ffff] has been reserved
Nov 27 17:48:33 labcomputer kernel: [    0.315593] system 00:04: [mem 0xff000000-0xffffffff] could not be reserved
Nov 27 17:48:33 labcomputer kernel: [    0.315595] system 00:04: [mem 0xfee00000-0xfeefffff] has been reserved
Nov 27 17:48:33 labcomputer kernel: [    0.315644] system 00:05: [mem 0x20000000-0x201fffff] has been reserved
Nov 27 17:48:33 labcomputer kernel: [    0.315647] system 00:05: [mem 0x40000000-0x401fffff] has been reserved
Nov 27 17:48:33 labcomputer kernel: [    0.315768] pnp: PnP ACPI: found 6 devices
Nov 27 17:48:33 labcomputer kernel: [    0.321862] clocksource: acpi_pm: mask: 0xffffff max_cycles: 0xffffff, max_idle_ns: 2085701024 ns
Nov 27 17:48:33 labcomputer kernel: [    0.321942] NET: Registered PF_INET protocol family
Nov 27 17:48:33 labcomputer kernel: [    0.322127] IP idents hash table entries: 262144 (order: 9, 2097152 bytes, linear)
Nov 27 17:48:33 labcomputer kernel: [    0.325666] tcp_listen_portaddr_hash hash table entries: 16384 (order: 6, 262144 bytes, linear)
Nov 27 17:48:33 labcomputer kernel: [    0.325713] Table-perturb hash table entries: 65536 (order: 6, 262144 bytes, linear)
Nov 27 17:48:33 labcomputer kernel: [    0.325863] TCP established hash table entries: 262144 (order: 9, 2097152 bytes, linear)
Nov 27 17:48:33 labcomputer kernel: [    0.326248] TCP bind hash table entries: 65536 (order: 9, 2097152 bytes, linear)
Nov 27 17:48:33 labcomputer kernel: [    0.326532] TCP: Hash tables configured (established 262144 bind 65536)
Nov 27 17:48:33 labcomputer kernel: [    0.326695] MPTCP token hash table entries: 32768 (order: 7, 786432 bytes, linear)
Nov 27 17:48:33 labcomputer kernel: [    0.326795] UDP hash table entries: 16384 (order: 7, 524288 bytes, linear)
Nov 27 17:48:33 labcomputer kernel: [    0.326894] UDP-Lite hash table entries: 16384 (order: 7, 524288 bytes, linear)
Nov 27 17:48:33 labcomputer kernel: [    0.327022] NET: Registered PF_UNIX/PF_LOCAL protocol family
Nov 27 17:48:33 labcomputer kernel: [    0.327030] NET: Registered PF_XDP protocol family
Nov 27 17:48:33 labcomputer kernel: [    0.327043] pci 0000:00:1c.0: PCI bridge to [bus 01]
Nov 27 17:48:33 labcomputer kernel: [    0.327063] pci 0000:00:1c.2: PCI bridge to [bus 02]
Nov 27 17:48:33 labcomputer kernel: [    0.327067] pci 0000:00:1c.2:   bridge window [io  0x2000-0x2fff]
Nov 27 17:48:33 labcomputer kernel: [    0.327074] pci 0000:00:1c.2:   bridge window [mem 0xe1000000-0xe19fffff]
Nov 27 17:48:33 labcomputer kernel: [    0.327079] pci 0000:00:1c.2:   bridge window [mem 0xe0000000-0xe09fffff 64bit pref]
Nov 27 17:48:33 labcomputer kernel: [    0.327087] pci 0000:00:1e.0: PCI bridge to [bus 03]
Nov 27 17:48:33 labcomputer kernel: [    0.327097] pci_bus 0000:00: resource 4 [io  0x0000-0x0cf7 window]
Nov 27 17:48:33 labcomputer kernel: [    0.327099] pci_bus 0000:00: resource 5 [io  0x0d00-0xffff window]
Nov 27 17:48:33 labcomputer kernel: [    0.327101] pci_bus 0000:00: resource 6 [mem 0x000a0000-0x000bffff window]
Nov 27 17:48:33 labcomputer kernel: [    0.327103] pci_bus 0000:00: resource 7 [mem 0xcfa00000-0xfeafffff window]
Nov 27 17:48:33 labcomputer kernel: [    0.327104] pci_bus 0000:02: resource 0 [io  0x2000-0x2fff]
Nov 27 17:48:33 labcomputer kernel: [    0.327106] pci_bus 0000:02: resource 1 [mem 0xe1000000-0xe19fffff]
Nov 27 17:48:33 labcomputer kernel: [    0.327107] pci_bus 0000:02: resource 2 [mem 0xe0000000-0xe09fffff 64bit pref]
Nov 27 17:48:33 labcomputer kernel: [    0.327109] pci_bus 0000:03: resource 4 [io  0x0000-0x0cf7 window]
Nov 27 17:48:33 labcomputer kernel: [    0.327111] pci_bus 0000:03: resource 5 [io  0x0d00-0xffff window]
Nov 27 17:48:33 labcomputer kernel: [    0.327112] pci_bus 0000:03: resource 6 [mem 0x000a0000-0x000bffff window]
Nov 27 17:48:33 labcomputer kernel: [    0.327114] pci_bus 0000:03: resource 7 [mem 0xcfa00000-0xfeafffff window]
Nov 27 17:48:33 labcomputer kernel: [    0.327613] PCI: CLS 64 bytes, default 64
Nov 27 17:48:33 labcomputer kernel: [    0.327631] PCI-DMA: Using software bounce buffering for IO (SWIOTLB)
Nov 27 17:48:33 labcomputer kernel: [    0.327633] software IO TLB: mapped [mem 0x00000000c69f7000-0x00000000ca9f7000] (64MB)
Nov 27 17:48:33 labcomputer kernel: [    0.327689] Trying to unpack rootfs image as initramfs...
Nov 27 17:48:33 labcomputer kernel: [    0.328348] Initialise system trusted keyrings
Nov 27 17:48:33 labcomputer kernel: [    0.328363] Key type blacklist registered
Nov 27 17:48:33 labcomputer kernel: [    0.328436] workingset: timestamp_bits=36 max_order=23 bucket_order=0
Nov 27 17:48:33 labcomputer kernel: [    0.328449] zbud: loaded
Nov 27 17:48:33 labcomputer kernel: [    0.328689] squashfs: version 4.0 (2009/01/31) Phillip Lougher
Nov 27 17:48:33 labcomputer kernel: [    0.328771] fuse: init (API version 7.38)
Nov 27 17:48:33 labcomputer kernel: [    0.328909] integrity: Platform Keyring initialized
Nov 27 17:48:33 labcomputer kernel: [    0.328913] integrity: Machine keyring initialized
Nov 27 17:48:33 labcomputer kernel: [    0.337987] Key type asymmetric registered
Nov 27 17:48:33 labcomputer kernel: [    0.337993] Asymmetric key parser 'x509' registered
Nov 27 17:48:33 labcomputer kernel: [    0.338023] Block layer SCSI generic (bsg) driver version 0.4 loaded (major 243)
Nov 27 17:48:33 labcomputer kernel: [    0.338063] io scheduler mq-deadline registered
Nov 27 17:48:33 labcomputer kernel: [    0.338602] shpchp: Standard Hot Plug PCI Controller Driver version: 0.4
Nov 27 17:48:33 labcomputer kernel: [    0.339048] input: Power Button as /devices/LNXSYSTM:00/LNXSYBUS:00/PNP0C0C:00/input/input0
Nov 27 17:48:33 labcomputer kernel: [    0.339072] ACPI: button: Power Button [PWRB]
Nov 27 17:48:33 labcomputer kernel: [    0.339104] input: Power Button as /devices/LNXSYSTM:00/LNXPWRBN:00/input/input1
Nov 27 17:48:33 labcomputer kernel: [    0.339171] ACPI: button: Power Button [PWRF]
Nov 27 17:48:33 labcomputer kernel: [    0.339746] Serial: 8250/16550 driver, 32 ports, IRQ sharing enabled
Nov 27 17:48:33 labcomputer kernel: [    0.360301] 00:03: ttyS0 at I/O 0x3f8 (irq = 4, base_baud = 115200) is a 16550A
Nov 27 17:48:33 labcomputer kernel: [    0.382611] 0000:00:16.3: ttyS4 at I/O 0x30e0 (irq = 17, base_baud = 115200) is a 16550A
Nov 27 17:48:33 labcomputer kernel: [    0.383113] Linux agpgart interface v0.103
Nov 27 17:48:33 labcomputer kernel: [    0.385809] loop: module loaded
Nov 27 17:48:33 labcomputer kernel: [    0.386129] tun: Universal TUN/TAP device driver, 1.6
Nov 27 17:48:33 labcomputer apport[657]:    ...done.
Nov 27 17:48:33 labcomputer systemd[1]: Started LSB: automatic crash report generation.
Nov 27 17:48:33 labcomputer kernel: [    0.386177] PPP generic driver version 2.4.2
Nov 27 17:48:33 labcomputer kernel: [    0.386310] i8042: PNP: No PS/2 controller found.
Nov 27 17:48:33 labcomputer kernel: [    0.386311] i8042: Probing ports directly.
Nov 27 17:48:33 labcomputer kernel: [    0.386458] ehci-pci 0000:00:1a.0: EHCI Host Controller
Nov 27 17:48:33 labcomputer kernel: [    0.386466] ehci-pci 0000:00:1a.0: new USB bus registered, assigned bus number 1
Nov 27 17:48:33 labcomputer kernel: [    0.386479] ehci-pci 0000:00:1a.0: debug port 2
Nov 27 17:48:33 labcomputer kernel: [    0.388995] serio: i8042 KBD port at 0x60,0x64 irq 1
Nov 27 17:48:33 labcomputer kernel: [    0.389003] serio: i8042 AUX port at 0x60,0x64 irq 12
Nov 27 17:48:33 labcomputer kernel: [    0.389138] mousedev: PS/2 mouse device common for all mice
Nov 27 17:48:33 labcomputer kernel: [    0.389239] rtc_cmos 00:01: RTC can wake from S4
Nov 27 17:48:33 labcomputer kernel: [    0.389566] rtc_cmos 00:01: registered as rtc0
Nov 27 17:48:33 labcomputer kernel: [    0.389615] rtc_cmos 00:01: setting system clock to 2023-11-28T00:48:20 UTC (1701132500)
Nov 27 17:48:33 labcomputer kernel: [    0.389645] rtc_cmos 00:01: alarms up to one year, y3k, 242 bytes nvram
Nov 27 17:48:33 labcomputer kernel: [    0.389655] i2c_dev: i2c /dev entries driver
Nov 27 17:48:33 labcomputer kernel: [    0.390404] device-mapper: core: CONFIG_IMA_DISABLE_HTABLE is disabled. Duplicate IMA measurements will not be recorded in the IMA log.
Nov 27 17:48:33 labcomputer kernel: [    0.390409] ehci-pci 0000:00:1a.0: irq 16, io mem 0xe1a70000
Nov 27 17:48:33 labcomputer kernel: [    0.390423] device-mapper: uevent: version 1.0.3
Nov 27 17:48:33 labcomputer kernel: [    0.390506] device-mapper: ioctl: 4.47.0-ioctl (2022-07-28) initialised: dm-devel@redhat.com
Nov 27 17:48:33 labcomputer kernel: [    0.390533] platform eisa.0: Probing EISA bus 0
Nov 27 17:48:33 labcomputer kernel: [    0.390536] platform eisa.0: EISA: Cannot allocate resource for mainboard
Nov 27 17:48:33 labcomputer kernel: [    0.390538] platform eisa.0: Cannot allocate resource for EISA slot 1
Nov 27 17:48:33 labcomputer kernel: [    0.390539] platform eisa.0: Cannot allocate resource for EISA slot 2
Nov 27 17:48:33 labcomputer kernel: [    0.390540] platform eisa.0: Cannot allocate resource for EISA slot 3
Nov 27 17:48:33 labcomputer kernel: [    0.390541] platform eisa.0: Cannot allocate resource for EISA slot 4
Nov 27 17:48:33 labcomputer kernel: [    0.390543] platform eisa.0: Cannot allocate resource for EISA slot 5
Nov 27 17:48:33 labcomputer kernel: [    0.390544] platform eisa.0: Cannot allocate resource for EISA slot 6
Nov 27 17:48:33 labcomputer kernel: [    0.390545] platform eisa.0: Cannot allocate resource for EISA slot 7
Nov 27 17:48:33 labcomputer kernel: [    0.390547] platform eisa.0: Cannot allocate resource for EISA slot 8
Nov 27 17:48:33 labcomputer kernel: [    0.390548] platform eisa.0: EISA: Detected 0 cards
Nov 27 17:48:33 labcomputer kernel: [    0.390580] intel_pstate: Intel P-state driver initializing
Nov 27 17:48:33 labcomputer kernel: [    0.390905] ledtrig-cpu: registered to indicate activity on CPUs
Nov 27 17:48:33 labcomputer kernel: [    0.390940] vesafb: mode is 1280x1024x32, linelength=5120, pages=0
Nov 27 17:48:33 labcomputer kernel: [    0.390942] vesafb: scrolling: redraw
Nov 27 17:48:33 labcomputer kernel: [    0.390943] vesafb: Truecolor: size=8:8:8:8, shift=24:16:8:0
Nov 27 17:48:33 labcomputer kernel: [    0.390961] vesafb: framebuffer at 0xd0000000, mapped to 0x(____ptrval____), using 5120k, total 5120k
Nov 27 17:48:33 labcomputer kernel: [    0.391001] fbcon: Deferring console take-over
Nov 27 17:48:33 labcomputer kernel: [    0.391002] fb0: VESA VGA frame buffer device
Nov 27 17:48:33 labcomputer kernel: [    0.391076] drop_monitor: Initializing network drop monitor service
Nov 27 17:48:33 labcomputer kernel: [    0.404584] NET: Registered PF_INET6 protocol family
Nov 27 17:48:33 labcomputer kernel: [    0.404949] ehci-pci 0000:00:1a.0: USB 2.0 started, EHCI 1.00
Nov 27 17:48:33 labcomputer kernel: [    0.405081] usb usb1: New USB device found, idVendor=1d6b, idProduct=0002, bcdDevice= 6.02
Nov 27 17:48:33 labcomputer kernel: [    0.405086] usb usb1: New USB device strings: Mfr=3, Product=2, SerialNumber=1
Nov 27 17:48:33 labcomputer kernel: [    0.405087] usb usb1: Product: EHCI Host Controller
Nov 27 17:48:33 labcomputer kernel: [    0.405089] usb usb1: Manufacturer: Linux 6.2.0-37-generic ehci_hcd
Nov 27 17:48:33 labcomputer kernel: [    0.405090] usb usb1: SerialNumber: 0000:00:1a.0
Nov 27 17:48:33 labcomputer kernel: [    0.405244] hub 1-0:1.0: USB hub found
Nov 27 17:48:33 labcomputer kernel: [    0.405256] hub 1-0:1.0: 3 ports detected
Nov 27 17:48:33 labcomputer kernel: [    0.405425] ehci-pci 0000:00:1d.0: EHCI Host Controller
Nov 27 17:48:33 labcomputer kernel: [    0.405432] ehci-pci 0000:00:1d.0: new USB bus registered, assigned bus number 2
Nov 27 17:48:33 labcomputer kernel: [    0.405445] ehci-pci 0000:00:1d.0: debug port 2
Nov 27 17:48:33 labcomputer kernel: [    0.409382] ehci-pci 0000:00:1d.0: irq 17, io mem 0xe1a50000
Nov 27 17:48:33 labcomputer kernel: [    0.424963] ehci-pci 0000:00:1d.0: USB 2.0 started, EHCI 1.00
Nov 27 17:48:33 labcomputer kernel: [    0.425024] usb usb2: New USB device found, idVendor=1d6b, idProduct=0002, bcdDevice= 6.02
Nov 27 17:48:33 labcomputer kernel: [    0.425027] usb usb2: New USB device strings: Mfr=3, Product=2, SerialNumber=1
Nov 27 17:48:33 labcomputer kernel: [    0.425029] usb usb2: Product: EHCI Host Controller
Nov 27 17:48:33 labcomputer kernel: [    0.425030] usb usb2: Manufacturer: Linux 6.2.0-37-generic ehci_hcd
Nov 27 17:48:33 labcomputer kernel: [    0.425031] usb usb2: SerialNumber: 0000:00:1d.0
Nov 27 17:48:33 labcomputer kernel: [    0.425238] hub 2-0:1.0: USB hub found
Nov 27 17:48:33 labcomputer kernel: [    0.425248] hub 2-0:1.0: 3 ports detected
Nov 27 17:48:33 labcomputer kernel: [    0.660963] usb 1-1: new high-speed USB device number 2 using ehci-pci
Nov 27 17:48:33 labcomputer kernel: [    0.680953] usb 2-1: new high-speed USB device number 2 using ehci-pci
Nov 27 17:48:33 labcomputer kernel: [    0.742740] Freeing initrd memory: 67520K
Nov 27 17:48:33 labcomputer kernel: [    0.749737] Segment Routing with IPv6
Nov 27 17:48:33 labcomputer kernel: [    0.749757] In-situ OAM (IOAM) with IPv6
Nov 27 17:48:33 labcomputer kernel: [    0.749788] NET: Registered PF_PACKET protocol family
Nov 27 17:48:33 labcomputer kernel: [    0.749926] Key type dns_resolver registered
Nov 27 17:48:33 labcomputer kernel: [    0.750526] microcode: Microcode Update Driver: v2.2.
Nov 27 17:48:33 labcomputer kernel: [    0.750532] IPI shorthand broadcast: enabled
Nov 27 17:48:33 labcomputer kernel: [    0.751958] sched_clock: Marking stable (750271785, 247929)->(756409157, -5889443)
Nov 27 17:48:33 labcomputer kernel: [    0.752288] registered taskstats version 1
Nov 27 17:48:33 labcomputer kernel: [    0.752612] Loading compiled-in X.509 certificates
Nov 27 17:48:33 labcomputer kernel: [    0.753383] Loaded X.509 cert 'Build time autogenerated kernel key: 82b107d8f947716d21bc742503389c523b4ebc82'
Nov 27 17:48:33 labcomputer kernel: [    0.754049] Loaded X.509 cert 'Canonical Ltd. Live Patch Signing: 14df34d1a87cf37625abec039ef2bf521249b969'
Nov 27 17:48:33 labcomputer kernel: [    0.754705] Loaded X.509 cert 'Canonical Ltd. Kernel Module Signing: 88f752e560a1e0737e31163a466ad7b70a850c19'
Nov 27 17:48:33 labcomputer kernel: [    0.754707] blacklist: Loading compiled-in revocation X.509 certificates
Nov 27 17:48:33 labcomputer kernel: [    0.754731] Loaded X.509 cert 'Canonical Ltd. Secure Boot Signing: 61482aa2830d0ab2ad5af10b7250da9033ddcef0'
Nov 27 17:48:33 labcomputer kernel: [    0.754748] Loaded X.509 cert 'Canonical Ltd. Secure Boot Signing (2017): 242ade75ac4a15e50d50c84b0d45ff3eae707a03'
Nov 27 17:48:33 labcomputer kernel: [    0.754766] Loaded X.509 cert 'Canonical Ltd. Secure Boot Signing (ESM 2018): 365188c1d374d6b07c3c8f240f8ef722433d6a8b'
Nov 27 17:48:33 labcomputer kernel: [    0.754783] Loaded X.509 cert 'Canonical Ltd. Secure Boot Signing (2019): c0746fd6c5da3ae827864651ad66ae47fe24b3e8'
Nov 27 17:48:33 labcomputer kernel: [    0.754801] Loaded X.509 cert 'Canonical Ltd. Secure Boot Signing (2021 v1): a8d54bbb3825cfb94fa13c9f8a594a195c107b8d'
Nov 27 17:48:33 labcomputer kernel: [    0.754823] Loaded X.509 cert 'Canonical Ltd. Secure Boot Signing (2021 v2): 4cf046892d6fd3c9a5b03f98d845f90851dc6a8c'
Nov 27 17:48:33 labcomputer kernel: [    0.754841] Loaded X.509 cert 'Canonical Ltd. Secure Boot Signing (2021 v3): 100437bb6de6e469b581e61cd66bce3ef4ed53af'
Nov 27 17:48:33 labcomputer kernel: [    0.754857] Loaded X.509 cert 'Canonical Ltd. Secure Boot Signing (Ubuntu Core 2019): c1d57b8f6b743f23ee41f4f7ee292f06eecadfb9'
Nov 27 17:48:33 labcomputer kernel: [    0.755237] zswap: loaded using pool lzo/zbud
Nov 27 17:48:33 labcomputer kernel: [    0.757392] Key type .fscrypt registered
Nov 27 17:48:33 labcomputer kernel: [    0.757395] Key type fscrypt-provisioning registered
Nov 27 17:48:33 labcomputer kernel: [    0.760773] Key type encrypted registered
Nov 27 17:48:33 labcomputer kernel: [    0.760779] AppArmor: AppArmor sha1 policy hashing enabled
Nov 27 17:48:33 labcomputer kernel: [    0.760788] ima: No TPM chip found, activating TPM-bypass!
Nov 27 17:48:33 labcomputer kernel: [    0.760793] Loading compiled-in module X.509 certificates
Nov 27 17:48:33 labcomputer kernel: [    0.761503] Loaded X.509 cert 'Build time autogenerated kernel key: 82b107d8f947716d21bc742503389c523b4ebc82'
Nov 27 17:48:33 labcomputer kernel: [    0.761506] ima: Allocated hash algorithm: sha1
Nov 27 17:48:33 labcomputer kernel: [    0.761513] ima: No architecture policies found
Nov 27 17:48:33 labcomputer kernel: [    0.761523] evm: Initialising EVM extended attributes:
Nov 27 17:48:33 labcomputer kernel: [    0.761524] evm: security.selinux
Nov 27 17:48:33 labcomputer kernel: [    0.761525] evm: security.SMACK64
Nov 27 17:48:33 labcomputer kernel: [    0.761526] evm: security.SMACK64EXEC
Nov 27 17:48:33 labcomputer kernel: [    0.761527] evm: security.SMACK64TRANSMUTE
Nov 27 17:48:33 labcomputer kernel: [    0.761527] evm: security.SMACK64MMAP
Nov 27 17:48:33 labcomputer kernel: [    0.761528] evm: security.apparmor
Nov 27 17:48:33 labcomputer kernel: [    0.761529] evm: security.ima
Nov 27 17:48:33 labcomputer kernel: [    0.761530] evm: security.capability
Nov 27 17:48:33 labcomputer kernel: [    0.761530] evm: HMAC attrs: 0x1
Nov 27 17:48:33 labcomputer kernel: [    0.761853] PM:   Magic number: 15:918:810
Nov 27 17:48:33 labcomputer kernel: [    0.762209] RAS: Correctable Errors collector initialized.
Nov 27 17:48:33 labcomputer kernel: [    0.764551] Freeing unused decrypted memory: 2036K
Nov 27 17:48:33 labcomputer kernel: [    0.765111] Freeing unused kernel image (initmem) memory: 4768K
Nov 27 17:48:33 labcomputer kernel: [    0.781057] Write protecting the kernel read-only data: 34816k
Nov 27 17:48:33 labcomputer kernel: [    0.781529] Freeing unused kernel image (rodata/data gap) memory: 1604K
Nov 27 17:48:33 labcomputer kernel: [    0.817378] usb 1-1: New USB device found, idVendor=8087, idProduct=0024, bcdDevice= 0.00
Nov 27 17:48:33 labcomputer kernel: [    0.817383] usb 1-1: New USB device strings: Mfr=0, Product=0, SerialNumber=0
